Component: ARM Compiler 5.06 update 4 (build 422) Tool: armlink [4d35d2]

==============================================================================

Section Cross References

    led.o(.text) refers to led.o(.constdata) for led_mask
    swt.o(.text) refers to swt.o(.constdata) for SWT_mask
    lcd.o(.text) refers to display.o(.text) for Delay
    lcd.o(.text) refers to lcd.o(.constdata) for lcd_mask
    display.o(.text) refers to _printf_percent.o(.ARM.Collect$$_printf_percent$$00000000) for _printf_percent
    display.o(.text) refers to _printf_f.o(.ARM.Collect$$_printf_percent$$00000003) for _printf_f
    display.o(.text) refers to printf1.o(x$fpl$printf1) for _printf_fp_dec
    display.o(.text) refers to daddsub_clz.o(x$fpl$dadd) for __aeabi_dadd
    display.o(.text) refers to deqf.o(x$fpl$deqf) for __aeabi_cdcmpeq
    display.o(.text) refers to dmul.o(x$fpl$dmul) for __aeabi_dmul
    display.o(.text) refers to dflt_clz.o(x$fpl$dfltu) for __aeabi_ui2d
    display.o(.text) refers to rt_memcpy_w.o(.text) for __aeabi_memcpy4
    display.o(.text) refers to noretval__2sprintf.o(.text) for __2sprintf
    display.o(.text) refers to daddsub_clz.o(x$fpl$dsub) for __aeabi_dsub
    display.o(.text) refers to fabs.o(i.__hardfp_fabs) for __hardfp_fabs
    display.o(.text) refers to dleqf.o(x$fpl$dleqf) for __aeabi_cdcmple
    display.o(.text) refers to rt_memclr_w.o(.text) for __aeabi_memclr4
    display.o(.text) refers to system_stm32f4xx.o(.text) for SystemCoreClockUpdate
    display.o(.text) refers to led.o(.text) for LED_Init
    display.o(.text) refers to swt.o(.text) for SWT_Init
    display.o(.text) refers to lcd.o(.text) for LCD_Initpins
    display.o(.text) refers to uart.o(.text) for USART6init
    display.o(.text) refers to dfixu.o(x$fpl$dfixu) for __aeabi_d2uiz
    display.o(.text) refers to display.o(.data) for msTicks
    display.o(.text) refers to display.o(.constdata) for .constdata
    display.o(.text) refers to system_stm32f4xx.o(.data) for SystemCoreClock
    display.o(.constdata) refers to display.o(.conststring) for .conststring
    startup_stm32f407xx.o(STACK) refers (Special) to heapauxi.o(.text) for __use_two_region_memory
    startup_stm32f407xx.o(HEAP) refers (Special) to heapauxi.o(.text) for __use_two_region_memory
    startup_stm32f407xx.o(RESET) refers (Special) to heapauxi.o(.text) for __use_two_region_memory
    startup_stm32f407xx.o(RESET) refers to startup_stm32f407xx.o(STACK) for __initial_sp
    startup_stm32f407xx.o(RESET) refers to startup_stm32f407xx.o(.text) for Reset_Handler
    startup_stm32f407xx.o(RESET) refers to display.o(.text) for SysTick_Handler
    startup_stm32f407xx.o(.text) refers (Special) to heapauxi.o(.text) for __use_two_region_memory
    startup_stm32f407xx.o(.text) refers to system_stm32f4xx.o(.text) for SystemInit
    startup_stm32f407xx.o(.text) refers to __main.o(!!!main) for __main
    startup_stm32f407xx.o(.text) refers to startup_stm32f407xx.o(HEAP) for Heap_Mem
    startup_stm32f407xx.o(.text) refers to startup_stm32f407xx.o(STACK) for Stack_Mem
    system_stm32f4xx.o(.text) refers to system_stm32f4xx.o(.data) for SystemCoreClock
    system_stm32f4xx.o(.text) refers to system_stm32f4xx.o(.constdata) for AHBPrescTable
    __2sprintf.o(.text) refers to _printf_char_common.o(.text) for _printf_char_common
    __2sprintf.o(.text) refers to _sputc.o(.text) for _sputc
    noretval__2sprintf.o(.text) refers to _printf_char_common.o(.text) for _printf_char_common
    noretval__2sprintf.o(.text) refers to _sputc.o(.text) for _sputc
    __printf.o(.text) refers to _printf_percent.o(.ARM.Collect$$_printf_percent$$00000000) for _printf_percent
    __printf_flags.o(.text) refers to _printf_percent.o(.ARM.Collect$$_printf_percent$$00000000) for _printf_percent
    __printf_flags.o(.text) refers to __printf_flags.o(.constdata) for .constdata
    __printf_ss.o(.text) refers to _printf_percent.o(.ARM.Collect$$_printf_percent$$00000000) for _printf_percent
    __printf_flags_ss.o(.text) refers to _printf_percent.o(.ARM.Collect$$_printf_percent$$00000000) for _printf_percent
    __printf_flags_ss.o(.text) refers to __printf_flags_ss.o(.constdata) for .constdata
    __printf_wp.o(.text) refers to __printf_wp.o(i._is_digit) for _is_digit
    __printf_wp.o(.text) refers to _printf_percent.o(.ARM.Collect$$_printf_percent$$00000000) for _printf_percent
    __printf_flags_wp.o(.text) refers to __printf_wp.o(i._is_digit) for _is_digit
    __printf_flags_wp.o(.text) refers to _printf_percent.o(.ARM.Collect$$_printf_percent$$00000000) for _printf_percent
    __printf_flags_wp.o(.text) refers to __printf_flags_wp.o(.constdata) for .constdata
    __printf_ss_wp.o(.text) refers to __printf_wp.o(i._is_digit) for _is_digit
    __printf_ss_wp.o(.text) refers to _printf_percent.o(.ARM.Collect$$_printf_percent$$00000000) for _printf_percent
[...]
    daddsub_clz.o(x$fpl$dsub) refers to daddsub_clz.o(x$fpl$dadd) for _dadd1
    daddsub_clz.o(x$fpl$dsub) refers to dnaninf.o(x$fpl$dnaninf) for __fpl_dnaninf
    deqf.o(x$fpl$deqf) refers (Special) to usenofp.o(x$fpl$usenofp) for __I$use$fp
    deqf.o(x$fpl$deqf) refers to dnaninf.o(x$fpl$dnaninf) for __fpl_dnaninf
    deqf.o(x$fpl$deqf) refers to dcmpi.o(x$fpl$dcmpinf) for __fpl_dcmp_Inf
    dfixu.o(x$fpl$dfixu) refers (Special) to usenofp.o(x$fpl$usenofp) for __I$use$fp
    dfixu.o(x$fpl$dfixu) refers to dnaninf.o(x$fpl$dnaninf) for __fpl_dnaninf
    dfixu.o(x$fpl$dfixur) refers (Special) to usenofp.o(x$fpl$usenofp) for __I$use$fp
    dfixu.o(x$fpl$dfixur) refers to dnaninf.o(x$fpl$dnaninf) for __fpl_dnaninf
    dflt_clz.o(x$fpl$dfltu) refers (Special) to usenofp.o(x$fpl$usenofp) for __I$use$fp
    dflt_clz.o(x$fpl$dflt) refers (Special) to usenofp.o(x$fpl$usenofp) for __I$use$fp
    dflt_clz.o(x$fpl$dfltn) refers (Special) to usenofp.o(x$fpl$usenofp) for __I$use$fp
    dleqf.o(x$fpl$dleqf) refers (Special) to usenofp.o(x$fpl$usenofp) for __I$use$fp
    dleqf.o(x$fpl$dleqf) refers to dnaninf.o(x$fpl$dnaninf) for __fpl_dnaninf
    dleqf.o(x$fpl$dleqf) refers to dcmpi.o(x$fpl$dcmpinf) for __fpl_dcmp_Inf
    dmul.o(x$fpl$dmul) refers (Special) to usenofp.o(x$fpl$usenofp) for __I$use$fp
    dmul.o(x$fpl$dmul) refers to dretinf.o(x$fpl$dretinf) for __fpl_dretinf
    dmul.o(x$fpl$dmul) refers to dnaninf.o(x$fpl$dnaninf) for __fpl_dnaninf
    printf1.o(x$fpl$printf1) refers to _printf_fp_dec.o(.text) for _printf_fp_dec_real
    fabs.o(i.__hardfp_fabs) refers (Special) to usenofp.o(x$fpl$usenofp) for __I$use$fp
    fabs.o(i.__softfp_fabs) refers (Special) to usenofp.o(x$fpl$usenofp) for __I$use$fp
    fabs.o(i.fabs) refers (Special) to usenofp.o(x$fpl$usenofp) for __I$use$fp
    __rtentry.o(.ARM.Collect$$rtentry$$00000000) refers (Special) to __rtentry2.o(.ARM.Collect$$rtentry$$0000000A) for __rt_entry_li
    __rtentry.o(.ARM.Collect$$rtentry$$00000000) refers (Special) to __rtentry2.o(.ARM.Collect$$rtentry$$0000000D) for __rt_entry_main
    __rtentry.o(.ARM.Collect$$rtentry$$00000000) refers (Special) to __rtentry2.o(.ARM.Collect$$rtentry$$0000000C) for __rt_entry_postli_1
    __rtentry.o(.ARM.Collect$$rtentry$$00000000) refers (Special) to __rtentry2.o(.ARM.Collect$$rtentry$$00000009) for __rt_entry_postsh_1
    __rtentry.o(.ARM.Collect$$rtentry$$00000000) refers (Special) to __rtentry2.o(.ARM.Collect$$rtentry$$00000002) for __rt_entry_presh_1
    __rtentry.o(.ARM.Collect$$rtentry$$00000000) refers (Special) to __rtentry4.o(.ARM.Collect$$rtentry$$00000004) for __rt_entry_sh
    _printf_fp_dec.o(.text) refers (Special) to usenofp.o(x$fpl$usenofp) for __I$use$fp
    _printf_fp_dec.o(.text) refers (Special) to lc_numeric_c.o(locale$$code) for _get_lc_numeric
    _printf_fp_dec.o(.text) refers to bigflt0.o(.text) for _btod_etento
    _printf_fp_dec.o(.text) refers to btod.o(CL$$btod_d2e) for _btod_d2e
    _printf_fp_dec.o(.text) refers to btod.o(CL$$btod_ediv) for _btod_ediv
    _printf_fp_dec.o(.text) refers to btod.o(CL$$btod_emul) for _btod_emul
    _printf_fp_dec.o(.text) refers to lludiv10.o(.text) for _ll_udiv10
    _printf_fp_dec.o(.text) refers to fpclassify.o(i.__ARM_fpclassify) for __ARM_fpclassify
    _printf_fp_dec.o(.text) refers to _printf_fp_infnan.o(.text) for _printf_fp_infnan
    _printf_fp_dec.o(.text) refers to rt_locale_intlibspace.o(.text) for __rt_locale
    _printf_char_common.o(.text) refers to __printf.o(.text) for __printf
    dcmpi.o(x$fpl$dcmpinf) refers (Special) to usenofp.o(x$fpl$usenofp) for __I$use$fp
    dnaninf.o(x$fpl$dnaninf) refers (Special) to usenofp.o(x$fpl$usenofp) for __I$use$fp
    dretinf.o(x$fpl$dretinf) refers (Special) to usenofp.o(x$fpl$usenofp) for __I$use$fp
    __rtentry2.o(.ARM.Collect$$rtentry$$00000008) refers to boardinit2.o(.text) for _platform_post_stackheap_init
    __rtentry2.o(.ARM.Collect$$rtentry$$0000000A) refers to libinit.o(.ARM.Collect$$libinit$$00000000) for __rt_lib_init
    __rtentry2.o(.ARM.Collect$$rtentry$$0000000B) refers to boardinit3.o(.text) for _platform_post_lib_init
    __rtentry2.o(.ARM.Collect$$rtentry$$0000000D) refers to display.o(.text) for main
    __rtentry2.o(.ARM.Collect$$rtentry$$0000000D) refers to exit.o(.text) for exit
    __rtentry2.o(.ARM.exidx) refers to __rtentry2.o(.ARM.Collect$$rtentry$$00000001) for .ARM.Collect$$rtentry$$00000001
    __rtentry2.o(.ARM.exidx) refers to __rtentry2.o(.ARM.Collect$$rtentry$$00000008) for .ARM.Collect$$rtentry$$00000008
    __rtentry2.o(.ARM.exidx) refers to __rtentry2.o(.ARM.Collect$$rtentry$$0000000A) for .ARM.Collect$$rtentry$$0000000A
    __rtentry2.o(.ARM.exidx) refers to __rtentry2.o(.ARM.Collect$$rtentry$$0000000B) for .ARM.Collect$$rtentry$$0000000B
    __rtentry2.o(.ARM.exidx) refers to __rtentry2.o(.ARM.Collect$$rtentry$$0000000D) for .ARM.Collect$$rtentry$$0000000D
    __rtentry4.o(.ARM.Collect$$rtentry$$00000004) refers to sys_stackheap_outer.o(.text) for __user_setup_stackheap
    __rtentry4.o(.ARM.exidx) refers to __rtentry4.o(.ARM.Collect$$rtentry$$00000004) for .ARM.Collect$$rtentry$$00000004
    rt_locale.o(.text) refers to rt_locale.o(.bss) for __rt_locale_data
    rt_locale_intlibspace.o(.text) refers to libspace.o(.bss) for __libspace_start
    bigflt0.o(.text) refers (Special) to usenofp.o(x$fpl$usenofp) for __I$use$fp
    bigflt0.o(.text) refers to btod.o(CL$$btod_emul) for _btod_emul
    bigflt0.o(.text) refers to btod.o(CL$$btod_ediv) for _btod_ediv
    bigflt0.o(.text) refers to bigflt0.o(.constdata) for .constdata
    bigflt0.o(.constdata) refers (Special) to usenofp.o(x$fpl$usenofp) for __I$use$fp
    btod.o(CL$$btod_d2e) refers (Special) to usenofp.o(x$fpl$usenofp) for __I$use$fp
    btod.o(CL$$btod_d2e) refers to btod.o(CL$$btod_d2e_norm_op1) for _d2e_norm_op1
    btod.o(CL$$btod_d2e_norm_op1) refers (Special) to usenofp.o(x$fpl$usenofp) for __I$use$fp
    btod.o(CL$$btod_d2e_norm_op1) refers to btod.o(CL$$btod_d2e_denorm_low) for _d2e_denorm_low
    btod.o(CL$$btod_d2e_denorm_low) refers (Special) to usenofp.o(x$fpl$usenofp) for __I$use$fp
    btod.o(CL$$btod_emul) refers (Special) to usenofp.o(x$fpl$usenofp) for __I$use$fp
    btod.o(CL$$btod_emul) refers to btod.o(CL$$btod_mult_common) for __btod_mult_common
    btod.o(CL$$btod_emul) refers to btod.o(CL$$btod_e2e) for _e2e
    btod.o(CL$$btod_ediv) refers (Special) to usenofp.o(x$fpl$usenofp) for __I$use$fp
    btod.o(CL$$btod_ediv) refers to btod.o(CL$$btod_div_common) for __btod_div_common
    btod.o(CL$$btod_ediv) refers to btod.o(CL$$btod_e2e) for _e2e
    btod.o(CL$$btod_emuld) refers (Special) to usenofp.o(x$fpl$usenofp) for __I$use$fp
    btod.o(CL$$btod_emuld) refers to btod.o(CL$$btod_mult_common) for __btod_mult_common
    btod.o(CL$$btod_emuld) refers to btod.o(CL$$btod_e2d) for _e2d
    btod.o(CL$$btod_edivd) refers (Special) to usenofp.o(x$fpl$usenofp) for __I$use$fp
    btod.o(CL$$btod_edivd) refers to btod.o(CL$$btod_div_common) for __btod_div_common
    btod.o(CL$$btod_edivd) refers to btod.o(CL$$btod_e2d) for _e2d
    btod.o(CL$$btod_e2e) refers (Special) to usenofp.o(x$fpl$usenofp) for __I$use$fp
    btod.o(CL$$btod_e2d) refers (Special) to usenofp.o(x$fpl$usenofp) for __I$use$fp
    btod.o(CL$$btod_e2d) refers to btod.o(CL$$btod_e2e) for _e2e
    btod.o(CL$$btod_mult_common) refers (Special) to usenofp.o(x$fpl$usenofp) for __I$use$fp
    btod.o(CL$$btod_div_common) refers (Special) to usenofp.o(x$fpl$usenofp) for __I$use$fp
    lc_numeric_c.o(locale$$data) refers (Special) to libinit2.o(.ARM.Collect$$libinit$$00000016) for __rt_lib_init_lc_numeric_2
    lc_numeric_c.o(locale$$code) refers (Special) to libinit2.o(.ARM.Collect$$libinit$$00000016) for __rt_lib_init_lc_numeric_2
    lc_numeric_c.o(locale$$code) refers to strcmpv7m.o(.text) for strcmp
    lc_numeric_c.o(locale$$code) refers to lc_numeric_c.o(locale$$data) for __lcnum_c_name
    istatus.o(x$fpl$ieeestatus) refers (Special) to usenofp.o(x$fpl$usenofp) for __I$use$fp
    fpclassify.o(i.__ARM_fpclassify) refers (Special) to usenofp.o(x$fpl$usenofp) for __I$use$fp
    libspace.o(.text) refers to libspace.o(.bss) for __libspace_start
    sys_stackheap_outer.o(.text) refers to libspace.o(.text) for __user_perproc_libspace
    sys_stackheap_outer.o(.text) refers to startup_stm32f407xx.o(.text) for __user_initial_stackheap
    exit.o(.text) refers to rtexit.o(.ARM.Collect$$rtexit$$00000000) for __rt_exit
    libinit.o(.ARM.Collect$$libinit$$00000000) refers (Special) to libinit2.o(.ARM.Collect$$libinit$$0000002E) for __rt_lib_init_alloca_1
    libinit.o(.ARM.Collect$$libinit$$00000000) refers (Special) to libinit2.o(.ARM.Collect$$libinit$$0000002C) for __rt_lib_init_argv_1
    libinit.o(.ARM.Collect$$libinit$$00000000) refers (Special) to libinit2.o(.ARM.Collect$$libinit$$0000001B) for __rt_lib_init_atexit_1
    libinit.o(.ARM.Collect$$libinit$$00000000) refers (Special) to libinit2.o(.ARM.Collect$$libinit$$00000021) for __rt_lib_init_clock_1
    libinit.o(.ARM.Collect$$libinit$$00000000) refers (Special) to libinit2.o(.ARM.Collect$$libinit$$00000032) for __rt_lib_init_cpp_1
    libinit.o(.ARM.Collect$$libinit$$00000000) refers (Special) to libinit2.o(.ARM.Collect$$libinit$$00000030) for __rt_lib_init_exceptions_1
    libinit.o(.ARM.Collect$$libinit$$00000000) refers (Special) to libinit2.o(.ARM.Collect$$libinit$$00000001) for __rt_lib_init_fp_1
    libinit.o(.ARM.Collect$$libinit$$00000000) refers (Special) to libinit2.o(.ARM.Collect$$libinit$$0000001F) for __rt_lib_init_fp_trap_1
    libinit.o(.ARM.Collect$$libinit$$00000000) refers (Special) to libinit2.o(.ARM.Collect$$libinit$$00000023) for __rt_lib_init_getenv_1
    libinit.o(.ARM.Collect$$libinit$$00000000) refers (Special) to libinit2.o(.ARM.Collect$$libinit$$0000000A) for __rt_lib_init_heap_1
    libinit.o(.ARM.Collect$$libinit$$00000000) refers (Special) to libinit2.o(.ARM.Collect$$libinit$$00000011) for __rt_lib_init_lc_collate_1
    libinit.o(.ARM.Collect$$libinit$$00000000) refers (Special) to libinit2.o(.ARM.Collect$$libinit$$00000013) for __rt_lib_init_lc_ctype_1
    libinit.o(.ARM.Collect$$libinit$$00000000) refers (Special) to libinit2.o(.ARM.Collect$$libinit$$00000015) for __rt_lib_init_lc_monetary_1
    libinit.o(.ARM.Collect$$libinit$$00000000) refers (Special) to libinit2.o(.ARM.Collect$$libinit$$00000017) for __rt_lib_init_lc_numeric_1
    libinit.o(.ARM.Collect$$libinit$$00000000) refers (Special) to libinit2.o(.ARM.Collect$$libinit$$00000019) for __rt_lib_init_lc_time_1
    libinit.o(.ARM.Collect$$libinit$$00000000) refers (Special) to libinit2.o(.ARM.Collect$$libinit$$00000004) for __rt_lib_init_preinit_1
    libinit.o(.ARM.Collect$$libinit$$00000000) refers (Special) to libinit2.o(.ARM.Collect$$libinit$$0000000E) for __rt_lib_init_rand_1
    libinit.o(.ARM.Collect$$libinit$$00000000) refers (Special) to libinit2.o(.ARM.Collect$$libinit$$00000033) for __rt_lib_init_return
    libinit.o(.ARM.Collect$$libinit$$00000000) refers (Special) to libinit2.o(.ARM.Collect$$libinit$$0000001D) for __rt_lib_init_signal_1
    libinit.o(.ARM.Collect$$libinit$$00000000) refers (Special) to libinit2.o(.ARM.Collect$$libinit$$00000025) for __rt_lib_init_stdio_1
    libinit.o(.ARM.Collect$$libinit$$00000000) refers (Special) to libinit2.o(.ARM.Collect$$libinit$$0000000C) for __rt_lib_init_user_alloc_1
    libinit2.o(.ARM.Collect$$libinit$$00000001) refers to fpinit.o(x$fpl$fpinit) for _fp_init
    libinit2.o(.ARM.Collect$$libinit$$0000000F) refers (Weak) to rt_locale_intlibspace.o(.text) for __rt_locale
    libinit2.o(.ARM.Collect$$libinit$$00000010) refers to libinit2.o(.ARM.Collect$$libinit$$0000000F) for .ARM.Collect$$libinit$$0000000F
    libinit2.o(.ARM.Collect$$libinit$$00000012) refers to libinit2.o(.ARM.Collect$$libinit$$0000000F) for .ARM.Collect$$libinit$$0000000F
    libinit2.o(.ARM.Collect$$libinit$$00000014) refers to libinit2.o(.ARM.Collect$$libinit$$0000000F) for .ARM.Collect$$libinit$$0000000F
    libinit2.o(.ARM.Collect$$libinit$$00000016) refers to libinit2.o(.ARM.Collect$$libinit$$0000000F) for .ARM.Collect$$libinit$$0000000F
    libinit2.o(.ARM.Collect$$libinit$$00000016) refers (Weak) to lc_numeric_c.o(locale$$code) for _get_lc_numeric
    libinit2.o(.ARM.Collect$$libinit$$00000018) refers to libinit2.o(.ARM.Collect$$libinit$$0000000F) for .ARM.Collect$$libinit$$0000000F
    libinit2.o(.ARM.Collect$$libinit$$00000026) refers to argv_veneer.o(.emb_text) for __ARM_argv_veneer
    libinit2.o(.ARM.Collect$$libinit$$00000027) refers to argv_veneer.o(.emb_text) for __ARM_argv_veneer
    rtexit.o(.ARM.Collect$$rtexit$$00000000) refers (Special) to rtexit2.o(.ARM.Collect$$rtexit$$00000004) for __rt_exit_exit
    rtexit.o(.ARM.Collect$$rtexit$$00000000) refers (Special) to rtexit2.o(.ARM.Collect$$rtexit$$00000003) for __rt_exit_ls
    rtexit.o(.ARM.Collect$$rtexit$$00000000) refers (Special) to rtexit2.o(.ARM.Collect$$rtexit$$00000002) for __rt_exit_prels_1
    rtexit.o(.ARM.exidx) refers (Special) to rtexit2.o(.ARM.Collect$$rtexit$$00000004) for __rt_exit_exit
    rtexit.o(.ARM.exidx) refers (Special) to rtexit2.o(.ARM.Collect$$rtexit$$00000003) for __rt_exit_ls
    rtexit.o(.ARM.exidx) refers (Special) to rtexit2.o(.ARM.Collect$$rtexit$$00000002) for __rt_exit_prels_1
    rtexit.o(.ARM.exidx) refers to rtexit.o(.ARM.Collect$$rtexit$$00000000) for .ARM.Collect$$rtexit$$00000000
    argv_veneer.o(.emb_text) refers to no_argv.o(.text) for __ARM_get_argv
    rtexit2.o(.ARM.Collect$$rtexit$$00000003) refers to libshutdown.o(.ARM.Collect$$libshutdown$$00000000) for __rt_lib_shutdown
    rtexit2.o(.ARM.Collect$$rtexit$$00000004) refers to sys_exit.o(.text) for _sys_exit
    rtexit2.o(.ARM.exidx) refers to rtexit2.o(.ARM.Collect$$rtexit$$00000001) for .ARM.Collect$$rtexit$$00000001
    rtexit2.o(.ARM.exidx) refers to rtexit2.o(.ARM.Collect$$rtexit$$00000003) for .ARM.Collect$$rtexit$$00000003
    rtexit2.o(.ARM.exidx) refers to rtexit2.o(.ARM.Collect$$rtexit$$00000004) for .ARM.Collect$$rtexit$$00000004
    _get_argv_nomalloc.o(.text) refers (Special) to hrguard.o(.text) for __heap_region$guard
    _get_argv_nomalloc.o(.text) refers to defsig_rtmem_outer.o(.text) for __rt_SIGRTMEM
    _get_argv_nomalloc.o(.text) refers to sys_command.o(.text) for _sys_command_string
    sys_command.o(.text) refers (Special) to use_no_semi.o(.text) for __I$use$semihosting
    sys_command.o(.text) refers (Special) to indicate_semi.o(.text) for __semihosting_library_function
    sys_exit.o(.text) refers (Special) to use_no_semi.o(.text) for __I$use$semihosting
    sys_exit.o(.text) refers (Special) to indicate_semi.o(.text) for __semihosting_library_function
    defsig_rtmem_outer.o(.text) refers to defsig_rtmem_inner.o(.text) for __rt_SIGRTMEM_inner
    defsig_rtmem_outer.o(.text) refers to defsig_exit.o(.text) for __sig_exit
    defsig_rtmem_formal.o(.text) refers to rt_raise.o(.text) for __rt_raise
    libshutdown.o(.ARM.Collect$$libshutdown$$00000000) refers (Special) to libshutdown2.o(.ARM.Collect$$libshutdown$$00000002) for __rt_lib_shutdown_cpp_1
    libshutdown.o(.ARM.Collect$$libshutdown$$00000000) refers (Special) to libshutdown2.o(.ARM.Collect$$libshutdown$$00000007) for __rt_lib_shutdown_fp_trap_1
    libshutdown.o(.ARM.Collect$$libshutdown$$00000000) refers (Special) to libshutdown2.o(.ARM.Collect$$libshutdown$$0000000F) for __rt_lib_shutdown_heap_1
    libshutdown.o(.ARM.Collect$$libshutdown$$00000000) refers (Special) to libshutdown2.o(.ARM.Collect$$libshutdown$$00000010) for __rt_lib_shutdown_return
    libshutdown.o(.ARM.Collect$$libshutdown$$00000000) refers (Special) to libshutdown2.o(.ARM.Collect$$libshutdown$$0000000A) for __rt_lib_shutdown_signal_1
    libshutdown.o(.ARM.Collect$$libshutdown$$00000000) refers (Special) to libshutdown2.o(.ARM.Collect$$libshutdown$$00000004) for __rt_lib_shutdown_stdio_1
    libshutdown.o(.ARM.Collect$$libshutdown$$00000000) refers (Special) to libshutdown2.o(.ARM.Collect$$libshutdown$$0000000C) for __rt_lib_shutdown_user_alloc_1
    rt_raise.o(.text) refers to __raise.o(.text) for __raise
    rt_raise.o(.text) refers to sys_exit.o(.text) for _sys_exit
    defsig_exit.o(.text) refers to sys_exit.o(.text) for _sys_exit
    defsig_rtmem_inner.o(.text) refers to defsig_general.o(.text) for __default_signal_display
    __raise.o(.text) refers to defsig.o(CL$$defsig) for __default_signal_handler
    defsig_general.o(.text) refers to sys_wrch.o(.text) for _ttywrch
    sys_wrch.o(.text) refers (Special) to use_no_semi.o(.text) for __I$use$semihosting
    sys_wrch.o(.text) refers (Special) to indicate_semi.o(.text) for __semihosting_library_function
    defsig.o(CL$$defsig) refers to defsig_rtmem_inner.o(.text) for __rt_SIGRTMEM_inner
    defsig_abrt_inner.o(.text) refers to defsig_general.o(.text) for __default_signal_display
    defsig_fpe_inner.o(.text) refers to defsig_general.o(.text) for __default_signal_display
    defsig_rtred_inner.o(.text) refers to defsig_general.o(.text) for __default_signal_display
    defsig_stak_inner.o(.text) refers to defsig_general.o(.text) for __default_signal_display
    defsig_pvfn_inner.o(.text) refers to defsig_general.o(.text) for __default_signal_display
    defsig_cppl_inner.o(.text) refers to defsig_general.o(.text) for __default_signal_display
    defsig_segv_inner.o(.text) refers to defsig_general.o(.text) for __default_signal_display
    defsig_other.o(.text) refers to defsig_general.o(.text) for __default_signal_display


==============================================================================

Removing Unused input sections from the image.

    Removing led.o(.rev16_text), (4 bytes).
    Removing led.o(.revsh_text), (4 bytes).
    Removing led.o(.rrx_text), (6 bytes).
    Removing swt.o(.rev16_text), (4 bytes).
    Removing swt.o(.revsh_text), (4 bytes).
    Removing swt.o(.rrx_text), (6 bytes).
    Removing lcd.o(.rev16_text), (4 bytes).
    Removing lcd.o(.revsh_text), (4 bytes).
    Removing lcd.o(.rrx_text), (6 bytes).
    Removing display.o(.rev16_text), (4 bytes).
    Removing display.o(.revsh_text), (4 bytes).
    Removing display.o(.rrx_text), (6 bytes).
    Removing uart.o(.rev16_text), (4 bytes).
    Removing uart.o(.revsh_text), (4 bytes).
    Removing uart.o(.rrx_text), (6 bytes).
    Removing system_stm32f4xx.o(.rev16_text), (4 bytes).
    Removing system_stm32f4xx.o(.revsh_text), (4 bytes).
    Removing system_stm32f4xx.o(.rrx_text), (6 bytes).

18 unused section(s) (total 84 bytes) removed from the image.

==============================================================================

Image Symbol Table

    Local Symbols

    Symbol Name                              Value     Ov Type        Size  Object(Section)

    ../clib/angel/boardlib.s                 0x00000000   Number         0  boardinit3.o ABSOLUTE
    ../clib/angel/boardlib.s                 0x00000000   Number         0  boardinit2.o ABSOLUTE
    ../clib/angel/boardlib.s                 0x00000000   Number         0  boardinit1.o ABSOLUTE
    ../clib/angel/boardlib.s                 0x00000000   Number         0  boardshut.o ABSOLUTE
    ../clib/angel/handlers.s                 0x00000000   Number         0  __scatter_zi.o ABSOLUTE
    ../clib/angel/handlers.s                 0x00000000   Number         0  __scatter_copy.o ABSOLUTE
    ../clib/angel/kernel.s                   0x00000000   Number         0  __rtentry2.o ABSOLUTE
    ../clib/angel/kernel.s                   0x00000000   Number         0  rtexit2.o ABSOLUTE
    ../clib/angel/kernel.s                   0x00000000   Number         0  __rtentry4.o ABSOLUTE
    ../clib/angel/kernel.s                   0x00000000   Number         0  __rtentry.o ABSOLUTE
    ../clib/angel/kernel.s                   0x00000000   Number         0  rtexit.o ABSOLUTE
    ../clib/angel/rt.s                       0x00000000   Number         0  rt_raise.o ABSOLUTE
    ../clib/angel/rt.s                       0x00000000   Number         0  rt_locale.o ABSOLUTE
    ../clib/angel/rt.s                       0x00000000   Number         0  rt_locale_intlibspace.o ABSOLUTE
    ../clib/angel/scatter.s                  0x00000000   Number         0  __scatter.o ABSOLUTE
    ../clib/angel/startup.s                  0x00000000   Number         0  __main.o ABSOLUTE
    ../clib/angel/sys.s                      0x00000000   Number         0  libspace.o ABSOLUTE
    ../clib/angel/sys.s                      0x00000000   Number         0  indicate_semi.o ABSOLUTE
    ../clib/angel/sys.s                      0x00000000   Number         0  sys_stackheap_outer.o ABSOLUTE
    ../clib/angel/sys.s                      0x00000000   Number         0  use_no_semi.o ABSOLUTE
    ../clib/angel/sysapp.c                   0x00000000   Number         0  sys_wrch.o ABSOLUTE
    ../clib/angel/sysapp.c                   0x00000000   Number         0  sys_exit.o ABSOLUTE
    ../clib/angel/sysapp.c                   0x00000000   Number         0  sys_command.o ABSOLUTE
    ../clib/armsys.c                         0x00000000   Number         0  argv_veneer.o ABSOLUTE
    ../clib/armsys.c                         0x00000000   Number         0  argv_veneer.o ABSOLUTE
    ../clib/armsys.c                         0x00000000   Number         0  no_argv.o ABSOLUTE
    ../clib/armsys.c                         0x00000000   Number         0  _get_argv_nomalloc.o ABSOLUTE
    ../clib/bigflt.c                         0x00000000   Number         0  bigflt0.o ABSOLUTE
    ../clib/btod.s                           0x00000000   Number         0  btod.o ABSOLUTE
    ../clib/heapalloc.c                      0x00000000   Number         0  hrguard.o ABSOLUTE
    ../clib/heapaux.c                        0x00000000   Number         0  heapauxi.o ABSOLUTE
    ../clib/libinit.s                        0x00000000   Number         0  libshutdown2.o ABSOLUTE
    ../clib/libinit.s                        0x00000000   Number         0  libinit2.o ABSOLUTE
    ../clib/libinit.s                        0x00000000   Number         0  libinit.o ABSOLUTE
    ../clib/libinit.s                        0x00000000   Number         0  libshutdown.o ABSOLUTE
    ../clib/locale.s                         0x00000000   Number         0  lc_numeric_c.o ABSOLUTE
    ../clib/longlong.s                       0x00000000   Number         0  lludiv10.o ABSOLUTE
    ../clib/memcpset.s                       0x00000000   Number         0  rt_memcpy_w.o ABSOLUTE
    ../clib/memcpset.s                       0x00000000   Number         0  strcmpv7m.o ABSOLUTE
    ../clib/memcpset.s                       0x00000000   Number         0  rt_memclr_w.o ABSOLUTE
    ../clib/printf.c                         0x00000000   Number         0  __printf_ss.o ABSOLUTE
    ../clib/printf.c                         0x00000000   Number         0  __printf_flags_ss.o ABSOLUTE
    ../clib/printf.c                         0x00000000   Number         0  __printf_wp.o ABSOLUTE
    ../clib/printf.c                         0x00000000   Number         0  __printf_flags_wp.o ABSOLUTE
    ../clib/printf.c                         0x00000000   Number         0  _printf_fp_dec.o ABSOLUTE
    ../clib/printf.c                         0x00000000   Number         0  _sputc.o ABSOLUTE
    ../clib/printf.c                         0x00000000   Number         0  __printf_flags_ss_wp.o ABSOLUTE
    ../clib/printf.c                         0x00000000   Number         0  __printf_ss_wp.o ABSOLUTE
    ../clib/printf.c                         0x00000000   Number         0  __printf_nopercent.o ABSOLUTE
    ../clib/printf.c                         0x00000000   Number         0  _printf_char_common.o ABSOLUTE
    ../clib/printf.c                         0x00000000   Number         0  _printf_fp_infnan.o ABSOLUTE
    ../clib/printf.c                         0x00000000   Number         0  __2sprintf.o ABSOLUTE
    ../clib/printf.c                         0x00000000   Number         0  noretval__2sprintf.o ABSOLUTE
    ../clib/printf.c                         0x00000000   Number         0  __printf.o ABSOLUTE
    ../clib/printf.c                         0x00000000   Number         0  __printf_flags.o ABSOLUTE
    ../clib/printf_percent.s                 0x00000000   Number         0  _printf_percent_end.o ABSOLUTE
    ../clib/printf_percent.s                 0x00000000   Number         0  _printf_f.o ABSOLUTE
    ../clib/printf_percent.s                 0x00000000   Number         0  _printf_percent.o ABSOLUTE
    ../clib/signal.c                         0x00000000   Number         0  defsig_other.o ABSOLUTE
    ../clib/signal.c                         0x00000000   Number         0  __raise.o ABSOLUTE
    ../clib/signal.c                         0x00000000   Number         0  defsig_cppl_inner.o ABSOLUTE
    ../clib/signal.c                         0x00000000   Number         0  defsig_rtmem_inner.o ABSOLUTE
    ../clib/signal.c                         0x00000000   Number         0  defsig_exit.o ABSOLUTE
    ../clib/signal.c                         0x00000000   Number         0  defsig_pvfn_inner.o ABSOLUTE
    ../clib/signal.c                         0x00000000   Number         0  defsig_general.o ABSOLUTE
    ../clib/signal.c                         0x00000000   Number         0  defsig_rtmem_outer.o ABSOLUTE
    ../clib/signal.c                         0x00000000   Number         0  defsig_stak_inner.o ABSOLUTE
    ../clib/signal.c                         0x00000000   Number         0  defsig_rtred_inner.o ABSOLUTE
    ../clib/signal.c                         0x00000000   Number         0  defsig_fpe_inner.o ABSOLUTE
    ../clib/signal.c                         0x00000000   Number         0  defsig_abrt_inner.o ABSOLUTE
    ../clib/signal.c                         0x00000000   Number         0  defsig_segv_inner.o ABSOLUTE
    ../clib/signal.c                         0x00000000   Number         0  defsig_rtmem_formal.o ABSOLUTE
    ../clib/signal.s                         0x00000000   Number         0  defsig.o ABSOLUTE
    ../clib/stdlib.c                         0x00000000   Number         0  exit.o ABSOLUTE
    ../fplib/daddsub.s                       0x00000000   Number         0  daddsub_clz.o ABSOLUTE
    ../fplib/dcmpi.s                         0x00000000   Number         0  dcmpi.o ABSOLUTE
    ../fplib/deqf.s                          0x00000000   Number         0  deqf.o ABSOLUTE
    ../fplib/dfixu.s                         0x00000000   Number         0  dfixu.o ABSOLUTE
    ../fplib/dflt.s                          0x00000000   Number         0  dflt_clz.o ABSOLUTE
    ../fplib/dleqf.s                         0x00000000   Number         0  dleqf.o ABSOLUTE
    ../fplib/dmul.s                          0x00000000   Number         0  dmul.o ABSOLUTE
    ../fplib/dnaninf.s                       0x00000000   Number         0  dnaninf.o ABSOLUTE
    ../fplib/dretinf.s                       0x00000000   Number         0  dretinf.o ABSOLUTE
    ../fplib/fpinit.s                        0x00000000   Number         0  fpinit.o ABSOLUTE
    ../fplib/istatus.s                       0x00000000   Number         0  istatus.o ABSOLUTE
    ../fplib/printf1.s                       0x00000000   Number         0  printf1.o ABSOLUTE
    ../fplib/usenofp.s                       0x00000000   Number         0  usenofp.o ABSOLUTE
    ../mathlib/fabs.c                        0x00000000   Number         0  fabs.o ABSOLUTE
    ../mathlib/fpclassify.c                  0x00000000   Number         0  fpclassify.o ABSOLUTE
    LCD.c                                    0x00000000   Number         0  lcd.o ABSOLUTE
    LCD.c                                    0x00000000   Number         0  lcd.o ABSOLUTE
    LED.c                                    0x00000000   Number         0  led.o ABSOLUTE
    LED.c                                    0x00000000   Number         0  led.o ABSOLUTE
    RTE\Device\STM32F407VGTx\startup_stm32f407xx.s 0x00000000   Number         0  startup_stm32f407xx.o ABSOLUTE
    RTE\Device\STM32F407VGTx\system_stm32f4xx.c 0x00000000   Number         0  system_stm32f4xx.o ABSOLUTE
    RTE\\Device\\STM32F407VGTx\\system_stm32f4xx.c 0x00000000   Number         0  system_stm32f4xx.o ABSOLUTE
    SWT.c                                    0x00000000   Number         0  swt.o ABSOLUTE
    SWT.c                                    0x00000000   Number         0  swt.o ABSOLUTE
    UART.c                                   0x00000000   Number         0  uart.o ABSOLUTE
    UART.c                                   0x00000000   Number         0  uart.o ABSOLUTE
    dc.s                                     0x00000000   Number         0  dc.o ABSOLUTE
    display.c                                0x00000000   Number         0  display.o ABSOLUTE
    display.c                                0x00000000   Number         0  display.o ABSOLUTE
    RESET                                    0x08000000   Section      392  startup_stm32f407xx.o(RESET)
    !!!main                                  0x08000188   Section        8  __main.o(!!!main)
    !!!scatter                               0x08000190   Section       52  __scatter.o(!!!scatter)
    !!handler_copy                           0x080001c4   Section       26  __scatter_copy.o(!!handler_copy)
    !!handler_zi                             0x080001e0   Section       28  __scatter_zi.o(!!handler_zi)
    .ARM.Collect$$_printf_percent$$00000000  0x080001fc   Section        0  _printf_percent.o(.ARM.Collect$$_printf_percent$$00000000)
    .ARM.Collect$$_printf_percent$$00000003  0x080001fc   Section        6  _printf_f.o(.ARM.Collect$$_printf_percent$$00000003)
    .ARM.Collect$$_printf_percent$$00000017  0x08000202   Section        4  _printf_percent_end.o(.ARM.Collect$$_printf_percent$$00000017)
    .ARM.Collect$$libinit$$00000000          0x08000206   Section        2  libinit.o(.ARM.Collect$$libinit$$00000000)
    .ARM.Collect$$libinit$$00000001          0x08000208   Section        4  libinit2.o(.ARM.Collect$$libinit$$00000001)
    .ARM.Collect$$libinit$$00000004          0x0800020c   Section        0  libinit2.o(.ARM.Collect$$libinit$$00000004)
    .ARM.Collect$$libinit$$0000000A          0x0800020c   Section        0  libinit2.o(.ARM.Collect$$libinit$$0000000A)
    .ARM.Collect$$libinit$$0000000C          0x0800020c   Section        0  libinit2.o(.ARM.Collect$$libinit$$0000000C)
    .ARM.Collect$$libinit$$0000000E          0x0800020c   Section        0  libinit2.o(.ARM.Collect$$libinit$$0000000E)
    .ARM.Collect$$libinit$$0000000F          0x0800020c   Section        6  libinit2.o(.ARM.Collect$$libinit$$0000000F)
    .ARM.Collect$$libinit$$00000011          0x08000212   Section        0  libinit2.o(.ARM.Collect$$libinit$$00000011)
    .ARM.Collect$$libinit$$00000013          0x08000212   Section        0  libinit2.o(.ARM.Collect$$libinit$$00000013)
    .ARM.Collect$$libinit$$00000015          0x08000212   Section        0  libinit2.o(.ARM.Collect$$libinit$$00000015)
    .ARM.Collect$$libinit$$00000016          0x08000212   Section       10  libinit2.o(.ARM.Collect$$libinit$$00000016)
    .ARM.Collect$$libinit$$00000017          0x0800021c   Section        0  libinit2.o(.ARM.Collect$$libinit$$00000017)
    .ARM.Collect$$libinit$$00000019          0x0800021c   Section        0  libinit2.o(.ARM.Collect$$libinit$$00000019)
    .ARM.Collect$$libinit$$0000001B          0x0800021c   Section        0  libinit2.o(.ARM.Collect$$libinit$$0000001B)
    .ARM.Collect$$libinit$$0000001D          0x0800021c   Section        0  libinit2.o(.ARM.Collect$$libinit$$0000001D)
    .ARM.Collect$$libinit$$0000001F          0x0800021c   Section        0  libinit2.o(.ARM.Collect$$libinit$$0000001F)
    .ARM.Collect$$libinit$$00000021          0x0800021c   Section        0  libinit2.o(.ARM.Collect$$libinit$$00000021)
    .ARM.Collect$$libinit$$00000023          0x0800021c   Section        0  libinit2.o(.ARM.Collect$$libinit$$00000023)
    .ARM.Collect$$libinit$$00000025          0x0800021c   Section        0  libinit2.o(.ARM.Collect$$libinit$$00000025)
    .ARM.Collect$$libinit$$0000002C          0x0800021c   Section        0  libinit2.o(.ARM.Collect$$libinit$$0000002C)
    .ARM.Collect$$libinit$$0000002E          0x0800021c   Section        0  libinit2.o(.ARM.Collect$$libinit$$0000002E)
    .ARM.Collect$$libinit$$00000030          0x0800021c   Section        0  libinit2.o(.ARM.Collect$$libinit$$00000030)
    .ARM.Collect$$libinit$$00000032          0x0800021c   Section        0  libinit2.o(.ARM.Collect$$libinit$$00000032)
    .ARM.Collect$$libinit$$00000033          0x0800021c   Section        2  libinit2.o(.ARM.Collect$$libinit$$00000033)
    .ARM.Collect$$libshutdown$$00000000      0x0800021e   Section        2  libshutdown.o(.ARM.Collect$$libshutdown$$00000000)
    .ARM.Collect$$libshutdown$$00000002      0x08000220   Section        0  libshutdown2.o(.ARM.Collect$$libshutdown$$00000002)
    .ARM.Collect$$libshutdown$$00000004      0x08000220   Section        0  libshutdown2.o(.ARM.Collect$$libshutdown$$00000004)
    .ARM.Collect$$libshutdown$$00000007      0x08000220   Section        0  libshutdown2.o(.ARM.Collect$$libshutdown$$00000007)
    .ARM.Collect$$libshutdown$$0000000A      0x08000220   Section        0  libshutdown2.o(.ARM.Collect$$libshutdown$$0000000A)
    .ARM.Collect$$libshutdown$$0000000C      0x08000220   Section        0  libshutdown2.o(.ARM.Collect$$libshutdown$$0000000C)
    .ARM.Collect$$libshutdown$$0000000F      0x08000220   Section        0  libshutdown2.o(.ARM.Collect$$libshutdown$$0000000F)
    .ARM.Collect$$libshutdown$$00000010      0x08000220   Section        2  libshutdown2.o(.ARM.Collect$$libshutdown$$00000010)
    .ARM.Collect$$rtentry$$00000000          0x08000222   Section        0  __rtentry.o(.ARM.Collect$$rtentry$$00000000)
    .ARM.Collect$$rtentry$$00000002          0x08000222   Section        0  __rtentry2.o(.ARM.Collect$$rtentry$$00000002)
    .ARM.Collect$$rtentry$$00000004          0x08000222   Section        6  __rtentry4.o(.ARM.Collect$$rtentry$$00000004)
    .ARM.Collect$$rtentry$$00000009          0x08000228   Section        0  __rtentry2.o(.ARM.Collect$$rtentry$$00000009)
    .ARM.Collect$$rtentry$$0000000A          0x08000228   Section        4  __rtentry2.o(.ARM.Collect$$rtentry$$0000000A)
    .ARM.Collect$$rtentry$$0000000C          0x0800022c   Section        0  __rtentry2.o(.ARM.Collect$$rtentry$$0000000C)
    .ARM.Collect$$rtentry$$0000000D          0x0800022c   Section        8  __rtentry2.o(.ARM.Collect$$rtentry$$0000000D)
    .ARM.Collect$$rtexit$$00000000           0x08000234   Section        2  rtexit.o(.ARM.Collect$$rtexit$$00000000)
    .ARM.Collect$$rtexit$$00000002           0x08000236   Section        0  rtexit2.o(.ARM.Collect$$rtexit$$00000002)
    .ARM.Collect$$rtexit$$00000003           0x08000236   Section        4  rtexit2.o(.ARM.Collect$$rtexit$$00000003)
    .ARM.Collect$$rtexit$$00000004           0x0800023a   Section        6  rtexit2.o(.ARM.Collect$$rtexit$$00000004)
    .text                                    0x08000240   Section        0  led.o(.text)
    .text                                    0x08000300   Section        0  swt.o(.text)
    .text                                    0x08000364   Section        0  lcd.o(.text)
    .text                                    0x0800064c   Section        0  display.o(.text)
    .text                                    0x08000ba0   Section        0  uart.o(.text)
    .text                                    0x08000c60   Section       64  startup_stm32f407xx.o(.text)
    $v0                                      0x08000c60   Number         0  startup_stm32f407xx.o(.text)
    .text                                    0x08000ca0   Section        0  system_stm32f4xx.o(.text)
    .text                                    0x08000dc0   Section        0  noretval__2sprintf.o(.text)
    .text                                    0x08000de8   Section        0  __printf.o(.text)
    .text                                    0x08000e50   Section      100  rt_memcpy_w.o(.text)
    .text                                    0x08000eb4   Section       78  rt_memclr_w.o(.text)
    .text                                    0x08000f02   Section        0  heapauxi.o(.text)
    .text                                    0x08000f08   Section        0  _printf_fp_dec.o(.text)
    _fp_digits                               0x08000f0b   Thumb Code   428  _printf_fp_dec.o(.text)
    .text                                    0x08001324   Section        0  _printf_char_common.o(.text)
    _printf_input_char                       0x08001325   Thumb Code    10  _printf_char_common.o(.text)
    .text                                    0x08001354   Section        0  _sputc.o(.text)
    .text                                    0x08001360   Section        8  rt_locale_intlibspace.o(.text)
    .text                                    0x08001368   Section      138  lludiv10.o(.text)
    .text                                    0x080013f4   Section        0  _printf_fp_infnan.o(.text)
    .text                                    0x08001474   Section        0  bigflt0.o(.text)
    .text                                    0x08001550   Section        8  libspace.o(.text)
    .text                                    0x08001558   Section       74  sys_stackheap_outer.o(.text)
    .text                                    0x080015a2   Section        0  exit.o(.text)
    .text                                    0x080015b4   Section      128  strcmpv7m.o(.text)
    .text                                    0x08001634   Section        0  sys_exit.o(.text)
    .text                                    0x08001640   Section        2  use_no_semi.o(.text)
    .text                                    0x08001642   Section        0  indicate_semi.o(.text)
    CL$$btod_d2e                             0x08001642   Section       62  btod.o(CL$$btod_d2e)
    CL$$btod_d2e_denorm_low                  0x08001680   Section       70  btod.o(CL$$btod_d2e_denorm_low)
    CL$$btod_d2e_norm_op1                    0x080016c6   Section       96  btod.o(CL$$btod_d2e_norm_op1)
    CL$$btod_div_common                      0x08001726   Section      824  btod.o(CL$$btod_div_common)
    CL$$btod_e2e                             0x08001a5e   Section      198  btod.o(CL$$btod_e2e)
    CL$$btod_ediv                            0x08001b24   Section       40  btod.o(CL$$btod_ediv)
    CL$$btod_emul                            0x08001b4c   Section       40  btod.o(CL$$btod_emul)
    CL$$btod_mult_common                     0x08001b74   Section      580  btod.o(CL$$btod_mult_common)
    i.__ARM_fpclassify                       0x08001db8   Section        0  fpclassify.o(i.__ARM_fpclassify)
    i.__hardfp_fabs                          0x08001de8   Section        0  fabs.o(i.__hardfp_fabs)
    locale$$code                             0x08001dfc   Section       44  lc_numeric_c.o(locale$$code)
    x$fpl$dadd                               0x08001e28   Section      336  daddsub_clz.o(x$fpl$dadd)
    $v0                                      0x08001e28   Number         0  daddsub_clz.o(x$fpl$dadd)
    _dadd1                                   0x08001e39   Thumb Code     0  daddsub_clz.o(x$fpl$dadd)
    x$fpl$dcmpinf                            0x08001f78   Section       24  dcmpi.o(x$fpl$dcmpinf)
    $v0                                      0x08001f78   Number         0  dcmpi.o(x$fpl$dcmpinf)
    x$fpl$deqf                               0x08001f90   Section      120  deqf.o(x$fpl$deqf)
    $v0                                      0x08001f90   Number         0  deqf.o(x$fpl$deqf)
    x$fpl$dfixu                              0x08002008   Section       90  dfixu.o(x$fpl$dfixu)
    $v0                                      0x08002008   Number         0  dfixu.o(x$fpl$dfixu)
    x$fpl$dfltu                              0x08002062   Section       38  dflt_clz.o(x$fpl$dfltu)
    $v0                                      0x08002062   Number         0  dflt_clz.o(x$fpl$dfltu)
    x$fpl$dleqf                              0x08002088   Section      120  dleqf.o(x$fpl$dleqf)
    $v0                                      0x08002088   Number         0  dleqf.o(x$fpl$dleqf)
    x$fpl$dmul                               0x08002100   Section      340  dmul.o(x$fpl$dmul)
    $v0                                      0x08002100   Number         0  dmul.o(x$fpl$dmul)
    x$fpl$dnaninf                            0x08002254   Section      156  dnaninf.o(x$fpl$dnaninf)
    $v0                                      0x08002254   Number         0  dnaninf.o(x$fpl$dnaninf)
    x$fpl$dretinf                            0x080022f0   Section       12  dretinf.o(x$fpl$dretinf)
    $v0                                      0x080022f0   Number         0  dretinf.o(x$fpl$dretinf)
    x$fpl$dsub                               0x080022fc   Section      468  daddsub_clz.o(x$fpl$dsub)
    $v0                                      0x080022fc   Number         0  daddsub_clz.o(x$fpl$dsub)
    _dsub1                                   0x0800230d   Thumb Code     0  daddsub_clz.o(x$fpl$dsub)
    x$fpl$fpinit                             0x080024d0   Section       10  fpinit.o(x$fpl$fpinit)
    $v0                                      0x080024d0   Number         0  fpinit.o(x$fpl$fpinit)
    x$fpl$printf1                            0x080024da   Section        4  printf1.o(x$fpl$printf1)
    $v0                                      0x080024da   Number         0  printf1.o(x$fpl$printf1)
    x$fpl$usenofp                            0x080024de   Section        0  usenofp.o(x$fpl$usenofp)
    .constdata                               0x080024e0   Section       32  led.o(.constdata)
    .constdata                               0x08002500   Section       32  swt.o(.constdata)
    .constdata                               0x08002520   Section       44  lcd.o(.constdata)
    .constdata                               0x08002550   Section       96  display.o(.constdata)
    .constdata                               0x080025b0   Section       24  system_stm32f4xx.o(.constdata)
    .constdata                               0x080025c8   Section      148  bigflt0.o(.constdata)
    tenpwrs_x                                0x080025c8   Data          60  bigflt0.o(.constdata)
    tenpwrs_i                                0x08002604   Data          64  bigflt0.o(.constdata)
    .conststring                             0x0800265c   Section       30  display.o(.conststring)
    locale$$data                             0x0800269c   Section       28  lc_numeric_c.o(locale$$data)
    __lcnum_c_name                           0x080026a0   Data           2  lc_numeric_c.o(locale$$data)
    __lcnum_c_start                          0x080026a8   Data           0  lc_numeric_c.o(locale$$data)
    __lcnum_c_point                          0x080026b4   Data           0  lc_numeric_c.o(locale$$data)
    __lcnum_c_thousands                      0x080026b6   Data           0  lc_numeric_c.o(locale$$data)
    __lcnum_c_grouping                       0x080026b7   Data           0  lc_numeric_c.o(locale$$data)
    __lcnum_c_end                            0x080026b8   Data           0  lc_numeric_c.o(locale$$data)
    .data                                    0x20000000   Section        4  display.o(.data)
    .data                                    0x20000004   Section        4  system_stm32f4xx.o(.data)
    .bss                                     0x20000008   Section       96  libspace.o(.bss)
    HEAP                                     0x20000068   Section      512  startup_stm32f407xx.o(HEAP)
    Heap_Mem                                 0x20000068   Data         512  startup_stm32f407xx.o(HEAP)
    STACK                                    0x20000268   Section     1024  startup_stm32f407xx.o(STACK)
    Stack_Mem                                0x20000268   Data        1024  startup_stm32f407xx.o(STACK)
    __initial_sp                             0x20000668   Data           0  startup_stm32f407xx.o(STACK)

    Global Symbols

    Symbol Name                              Value     Ov Type        Size  Object(Section)

    BuildAttributes$$THM_ISAv4$E$P$D$K$B$S$7EM$VFPi3$EXTD16$VFPS$VFMA$PE$A:L22UL41UL21$X:L11$S22US41US21$IEEE1$IW$USESV6$~STKCKD$USESV7$~SHL$OTIME$ROPI$IEEEJ$EBA8$UX$STANDARDLIB$REQ8$PRES8$EABIv2 0x00000000   Number         0  anon$$obj.o ABSOLUTE
    __ARM_use_no_argv                        0x00000000   Number         0  display.o ABSOLUTE
    __ARM_exceptions_init                     - Undefined Weak Reference
    __alloca_initialize                       - Undefined Weak Reference
    __arm_preinit_                            - Undefined Weak Reference
    __cpp_initialize__aeabi_                  - Undefined Weak Reference
    __cxa_finalize                            - Undefined Weak Reference
    __sigvec_lookup                           - Undefined Weak Reference
    _atexit_init                              - Undefined Weak Reference
    _call_atexit_fns                          - Undefined Weak Reference
    _clock_init                               - Undefined Weak Reference
    _fp_trap_init                             - Undefined Weak Reference
    _fp_trap_shutdown                         - Undefined Weak Reference
    _get_lc_collate                           - Undefined Weak Reference
    _get_lc_ctype                             - Undefined Weak Reference
    _get_lc_monetary                          - Undefined Weak Reference
    _get_lc_time                              - Undefined Weak Reference
    _getenv_init                              - Undefined Weak Reference
    _handle_redirection                       - Undefined Weak Reference
    _init_alloc                               - Undefined Weak Reference
    _init_user_alloc                          - Undefined Weak Reference
    _initio                                   - Undefined Weak Reference
    _printf_post_padding                      - Undefined Weak Reference
    _printf_pre_padding                       - Undefined Weak Reference
    _rand_init                                - Undefined Weak Reference
    _signal_finish                            - Undefined Weak Reference
    _signal_init                              - Undefined Weak Reference
    _terminate_alloc                          - Undefined Weak Reference
    _terminate_user_alloc                     - Undefined Weak Reference
    _terminateio                              - Undefined Weak Reference
    __Vectors_Size                           0x00000188   Number         0  startup_stm32f407xx.o ABSOLUTE
    __Vectors                                0x08000000   Data           4  startup_stm32f407xx.o(RESET)
    __Vectors_End                            0x08000188   Data           0  startup_stm32f407xx.o(RESET)
    __main                                   0x08000189   Thumb Code     8  __main.o(!!!main)
    __scatterload                            0x08000191   Thumb Code     0  __scatter.o(!!!scatter)
    __scatterload_rt2                        0x08000191   Thumb Code    44  __scatter.o(!!!scatter)
    __scatterload_rt2_thumb_only             0x08000191   Thumb Code     0  __scatter.o(!!!scatter)
    __scatterload_null                       0x0800019f   Thumb Code     0  __scatter.o(!!!scatter)
    __scatterload_copy                       0x080001c5   Thumb Code    26  __scatter_copy.o(!!handler_copy)
    __scatterload_zeroinit                   0x080001e1   Thumb Code    28  __scatter_zi.o(!!handler_zi)
    _printf_f                                0x080001fd   Thumb Code     0  _printf_f.o(.ARM.Collect$$_printf_percent$$00000003)
    _printf_percent                          0x080001fd   Thumb Code     0  _printf_percent.o(.ARM.Collect$$_printf_percent$$00000000)
    _printf_percent_end                      0x08000203   Thumb Code     0  _printf_percent_end.o(.ARM.Collect$$_printf_percent$$00000017)
    __rt_lib_init                            0x08000207   Thumb Code     0  libinit.o(.ARM.Collect$$libinit$$00000000)
    __rt_lib_init_fp_1                       0x08000209   Thumb Code     0  libinit2.o(.ARM.Collect$$libinit$$00000001)
    __rt_lib_init_heap_1                     0x0800020d   Thumb Code     0  libinit2.o(.ARM.Collect$$libinit$$0000000A)
    __rt_lib_init_lc_common                  0x0800020d   Thumb Code     0  libinit2.o(.ARM.Collect$$libinit$$0000000F)
    __rt_lib_init_preinit_1                  0x0800020d   Thumb Code     0  libinit2.o(.ARM.Collect$$libinit$$00000004)
    __rt_lib_init_rand_1                     0x0800020d   Thumb Code     0  libinit2.o(.ARM.Collect$$libinit$$0000000E)
    __rt_lib_init_user_alloc_1               0x0800020d   Thumb Code     0  libinit2.o(.ARM.Collect$$libinit$$0000000C)
    __rt_lib_init_lc_collate_1               0x08000213   Thumb Code     0  libinit2.o(.ARM.Collect$$libinit$$00000011)
    __rt_lib_init_lc_ctype_1                 0x08000213   Thumb Code     0  libinit2.o(.ARM.Collect$$libinit$$00000013)
    __rt_lib_init_lc_monetary_1              0x08000213   Thumb Code     0  libinit2.o(.ARM.Collect$$libinit$$00000015)
    __rt_lib_init_lc_numeric_2               0x08000213   Thumb Code     0  libinit2.o(.ARM.Collect$$libinit$$00000016)
    __rt_lib_init_alloca_1                   0x0800021d   Thumb Code     0  libinit2.o(.ARM.Collect$$libinit$$0000002E)
    __rt_lib_init_argv_1                     0x0800021d   Thumb Code     0  libinit2.o(.ARM.Collect$$libinit$$0000002C)
    __rt_lib_init_atexit_1                   0x0800021d   Thumb Code     0  libinit2.o(.ARM.Collect$$libinit$$0000001B)
    __rt_lib_init_clock_1                    0x0800021d   Thumb Code     0  libinit2.o(.ARM.Collect$$libinit$$00000021)
    __rt_lib_init_cpp_1                      0x0800021d   Thumb Code     0  libinit2.o(.ARM.Collect$$libinit$$00000032)
    __rt_lib_init_exceptions_1               0x0800021d   Thumb Code     0  libinit2.o(.ARM.Collect$$libinit$$00000030)
    __rt_lib_init_fp_trap_1                  0x0800021d   Thumb Code     0  libinit2.o(.ARM.Collect$$libinit$$0000001F)
    __rt_lib_init_getenv_1                   0x0800021d   Thumb Code     0  libinit2.o(.ARM.Collect$$libinit$$00000023)
    __rt_lib_init_lc_numeric_1               0x0800021d   Thumb Code     0  libinit2.o(.ARM.Collect$$libinit$$00000017)
    __rt_lib_init_lc_time_1                  0x0800021d   Thumb Code     0  libinit2.o(.ARM.Collect$$libinit$$00000019)
    __rt_lib_init_return                     0x0800021d   Thumb Code     0  libinit2.o(.ARM.Collect$$libinit$$00000033)
    __rt_lib_init_signal_1                   0x0800021d   Thumb Code     0  libinit2.o(.ARM.Collect$$libinit$$0000001D)
    __rt_lib_init_stdio_1                    0x0800021d   Thumb Code     0  libinit2.o(.ARM.Collect$$libinit$$00000025)
    __rt_lib_shutdown                        0x0800021f   Thumb Code     0  libshutdown.o(.ARM.Collect$$libshutdown$$00000000)
    __rt_lib_shutdown_cpp_1                  0x08000221   Thumb Code     0  libshutdown2.o(.ARM.Collect$$libshutdown$$00000002)
    __rt_lib_shutdown_fp_trap_1              0x08000221   Thumb Code     0  libshutdown2.o(.ARM.Collect$$libshutdown$$00000007)
    __rt_lib_shutdown_heap_1                 0x08000221   Thumb Code     0  libshutdown2.o(.ARM.Collect$$libshutdown$$0000000F)
    __rt_lib_shutdown_return                 0x08000221   Thumb Code     0  libshutdown2.o(.ARM.Collect$$libshutdown$$00000010)
    __rt_lib_shutdown_signal_1               0x08000221   Thumb Code     0  libshutdown2.o(.ARM.Collect$$libshutdown$$0000000A)
    __rt_lib_shutdown_stdio_1                0x08000221   Thumb Code     0  libshutdown2.o(.ARM.Collect$$libshutdown$$00000004)
    __rt_lib_shutdown_user_alloc_1           0x08000221   Thumb Code     0  libshutdown2.o(.ARM.Collect$$libshutdown$$0000000C)
    __rt_entry                               0x08000223   Thumb Code     0  __rtentry.o(.ARM.Collect$$rtentry$$00000000)
    __rt_entry_presh_1                       0x08000223   Thumb Code     0  __rtentry2.o(.ARM.Collect$$rtentry$$00000002)
    __rt_entry_sh                            0x08000223   Thumb Code     0  __rtentry4.o(.ARM.Collect$$rtentry$$00000004)
    __rt_entry_li                            0x08000229   Thumb Code     0  __rtentry2.o(.ARM.Collect$$rtentry$$0000000A)
    __rt_entry_postsh_1                      0x08000229   Thumb Code     0  __rtentry2.o(.ARM.Collect$$rtentry$$00000009)
    __rt_entry_main                          0x0800022d   Thumb Code     0  __rtentry2.o(.ARM.Collect$$rtentry$$0000000D)
    __rt_entry_postli_1                      0x0800022d   Thumb Code     0  __rtentry2.o(.ARM.Collect$$rtentry$$0000000C)
    __rt_exit                                0x08000235   Thumb Code     0  rtexit.o(.ARM.Collect$$rtexit$$00000000)
    __rt_exit_ls                             0x08000237   Thumb Code     0  rtexit2.o(.ARM.Collect$$rtexit$$00000003)
    __rt_exit_prels_1                        0x08000237   Thumb Code     0  rtexit2.o(.ARM.Collect$$rtexit$$00000002)
    __rt_exit_exit                           0x0800023b   Thumb Code     0  rtexit2.o(.ARM.Collect$$rtexit$$00000004)
    LED_Init                                 0x08000241   Thumb Code    96  led.o(.text)
    LED_On                                   0x080002a1   Thumb Code    18  led.o(.text)
    LED_Off                                  0x080002b3   Thumb Code    20  led.o(.text)
    LED_Out                                  0x080002c7   Thumb Code    38  led.o(.text)
    SWT_Init                                 0x08000301   Thumb Code    52  swt.o(.text)
    SWT_Get                                  0x08000335   Thumb Code     6  swt.o(.text)
    SWT_Check                                0x0800033b   Thumb Code    24  swt.o(.text)
    LCD_Initpins                             0x08000365   Thumb Code   282  lcd.o(.text)
    LCD_Eoff                                 0x0800047f   Thumb Code    12  lcd.o(.text)
    LCD_Eon                                  0x0800048b   Thumb Code    10  lcd.o(.text)
    LCD_Clk                                  0x08000495   Thumb Code    18  lcd.o(.text)
    LCD_DataWrite                            0x080004a7   Thumb Code     8  lcd.o(.text)
    LCD_DataClear                            0x080004af   Thumb Code    12  lcd.o(.text)
    LCD_Write                                0x080004bb   Thumb Code    52  lcd.o(.text)
    LCD_RWoff                                0x080004ef   Thumb Code    12  lcd.o(.text)
    LCD_RSoff                                0x080004fb   Thumb Code    12  lcd.o(.text)
    LCD_Init                                 0x08000507   Thumb Code    82  lcd.o(.text)
    LCD_RSon                                 0x08000559   Thumb Code    10  lcd.o(.text)
    LCD_RWon                                 0x08000563   Thumb Code    10  lcd.o(.text)
    LCD_On                                   0x0800056d   Thumb Code    18  lcd.o(.text)
    LCD_Off                                  0x0800057f   Thumb Code    20  lcd.o(.text)
    LCD_DriverOn                             0x08000593   Thumb Code    10  lcd.o(.text)
    LCD_DriverOff                            0x0800059d   Thumb Code    10  lcd.o(.text)
    LCD_cursor_on                            0x080005a7   Thumb Code    20  lcd.o(.text)
    LCD_Clear                                0x080005bb   Thumb Code    20  lcd.o(.text)
    LCD_PutChar                              0x080005cf   Thumb Code    22  lcd.o(.text)
    LCD_PutS                                 0x080005e5   Thumb Code    32  lcd.o(.text)
    LCD_GotoXY                               0x08000605   Thumb Code    50  lcd.o(.text)
    SysTick_Handler                          0x0800064d   Thumb Code    12  display.o(.text)
    Delay                                    0x08000659   Thumb Code    18  display.o(.text)
    BTN_Init                                 0x0800066b   Thumb Code    56  display.o(.text)
    BTN_Get                                  0x080006a3   Thumb Code    10  display.o(.text)
    ADC1_init                                0x080006ad   Thumb Code    88  display.o(.text)
    read_ADC1                                0x08000705   Thumb Code    32  display.o(.text)
    PC6_Init                                 0x08000725   Thumb Code    52  display.o(.text)
    Val_Get_PC6                              0x08000759   Thumb Code    12  display.o(.text)
    findSpeed                                0x08000765   Thumb Code   140  display.o(.text)
    betterSpeed                              0x080007f1   Thumb Code    62  display.o(.text)
    findWindDirection                        0x0800082f   Thumb Code   224  display.o(.text)
    main                                     0x0800090f   Thumb Code   606  display.o(.text)
    USART6init                               0x08000ba1   Thumb Code   124  uart.o(.text)
    USART6wait_until_ready                   0x08000c1d   Thumb Code    20  uart.o(.text)
    USART6send                               0x08000c31   Thumb Code    34  uart.o(.text)
    Reset_Handler                            0x08000c61   Thumb Code     8  startup_stm32f407xx.o(.text)
    NMI_Handler                              0x08000c69   Thumb Code     2  startup_stm32f407xx.o(.text)
    HardFault_Handler                        0x08000c6b   Thumb Code     2  startup_stm32f407xx.o(.text)
    MemManage_Handler                        0x08000c6d   Thumb Code     2  startup_stm32f407xx.o(.text)
    BusFault_Handler                         0x08000c6f   Thumb Code     2  startup_stm32f407xx.o(.text)
    UsageFault_Handler                       0x08000c71   Thumb Code     2  startup_stm32f407xx.o(.text)
    SVC_Handler                              0x08000c73   Thumb Code     2  startup_stm32f407xx.o(.text)
    DebugMon_Handler                         0x08000c75   Thumb Code     2  startup_stm32f407xx.o(.text)
    PendSV_Handler                           0x08000c77   Thumb Code     2  startup_stm32f407xx.o(.text)
    ADC_IRQHandler                           0x08000c7b   Thumb Code     0  startup_stm32f407xx.o(.text)
    CAN1_RX0_IRQHandler                      0x08000c7b   Thumb Code     0  startup_stm32f407xx.o(.text)
    CAN1_RX1_IRQHandler                      0x08000c7b   Thumb Code     0  startup_stm32f407xx.o(.text)
    CAN1_SCE_IRQHandler                      0x08000c7b   Thumb Code     0  startup_stm32f407xx.o(.text)
    CAN1_TX_IRQHandler                       0x08000c7b   Thumb Code     0  startup_stm32f407xx.o(.text)
    CAN2_RX0_IRQHandler                      0x08000c7b   Thumb Code     0  startup_stm32f407xx.o(.text)
    CAN2_RX1_IRQHandler                      0x08000c7b   Thumb Code     0  startup_stm32f407xx.o(.text)
    CAN2_SCE_IRQHandler                      0x08000c7b   Thumb Code     0  startup_stm32f407xx.o(.text)
    CAN2_TX_IRQHandler                       0x08000c7b   Thumb Code     0  startup_stm32f407xx.o(.text)
    DCMI_IRQHandler                          0x08000c7b   Thumb Code     0  startup_stm32f407xx.o(.text)
    DMA1_Stream0_IRQHandler                  0x08000c7b   Thumb Code     0  startup_stm32f407xx.o(.text)
    DMA1_Stream1_IRQHandler                  0x08000c7b   Thumb Code     0  startup_stm32f407xx.o(.text)
    DMA1_Stream2_IRQHandler                  0x08000c7b   Thumb Code     0  startup_stm32f407xx.o(.text)
    DMA1_Stream3_IRQHandler                  0x08000c7b   Thumb Code     0  startup_stm32f407xx.o(.text)
    DMA1_Stream4_IRQHandler                  0x08000c7b   Thumb Code     0  startup_stm32f407xx.o(.text)
    DMA1_Stream5_IRQHandler                  0x08000c7b   Thumb Code     0  startup_stm32f407xx.o(.text)
    DMA1_Stream6_IRQHandler                  0x08000c7b   Thumb Code     0  startup_stm32f407xx.o(.text)
    DMA1_Stream7_IRQHandler                  0x08000c7b   Thumb Code     0  startup_stm32f407xx.o(.text)
    DMA2_Stream0_IRQHandler                  0x08000c7b   Thumb Code     0  startup_stm32f407xx.o(.text)
    DMA2_Stream1_IRQHandler                  0x08000c7b   Thumb Code     0  startup_stm32f407xx.o(.text)
    DMA2_Stream2_IRQHandler                  0x08000c7b   Thumb Code     0  startup_stm32f407xx.o(.text)
    DMA2_Stream3_IRQHandler                  0x08000c7b   Thumb Code     0  startup_stm32f407xx.o(.text)
    DMA2_Stream4_IRQHandler                  0x08000c7b   Thumb Code     0  startup_stm32f407xx.o(.text)
    DMA2_Stream5_IRQHandler                  0x08000c7b   Thumb Code     0  startup_stm32f407xx.o(.text)
    DMA2_Stream6_IRQHandler                  0x08000c7b   Thumb Code     0  startup_stm32f407xx.o(.text)
    DMA2_Stream7_IRQHandler                  0x08000c7b   Thumb Code     0  startup_stm32f407xx.o(.text)
    ETH_IRQHandler                           0x08000c7b   Thumb Code     0  startup_stm32f407xx.o(.text)
    ETH_WKUP_IRQHandler                      0x08000c7b   Thumb Code     0  startup_stm32f407xx.o(.text)
    EXTI0_IRQHandler                         0x08000c7b   Thumb Code     0  startup_stm32f407xx.o(.text)
    EXTI15_10_IRQHandler                     0x08000c7b   Thumb Code     0  startup_stm32f407xx.o(.text)
    EXTI1_IRQHandler                         0x08000c7b   Thumb Code     0  startup_stm32f407xx.o(.text)
    EXTI2_IRQHandler                         0x08000c7b   Thumb Code     0  startup_stm32f407xx.o(.text)
    EXTI3_IRQHandler                         0x08000c7b   Thumb Code     0  startup_stm32f407xx.o(.text)
    EXTI4_IRQHandler                         0x08000c7b   Thumb Code     0  startup_stm32f407xx.o(.text)
    EXTI9_5_IRQHandler                       0x08000c7b   Thumb Code     0  startup_stm32f407xx.o(.text)
    FLASH_IRQHandler                         0x08000c7b   Thumb Code     0  startup_stm32f407xx.o(.text)
    FMC_IRQHandler                           0x08000c7b   Thumb Code     0  startup_stm32f407xx.o(.text)
    FPU_IRQHandler                           0x08000c7b   Thumb Code     0  startup_stm32f407xx.o(.text)
    HASH_RNG_IRQHandler                      0x08000c7b   Thumb Code     0  startup_stm32f407xx.o(.text)
    I2C1_ER_IRQHandler                       0x08000c7b   Thumb Code     0  startup_stm32f407xx.o(.text)
    I2C1_EV_IRQHandler                       0x08000c7b   Thumb Code     0  startup_stm32f407xx.o(.text)
    I2C2_ER_IRQHandler                       0x08000c7b   Thumb Code     0  startup_stm32f407xx.o(.text)
    I2C2_EV_IRQHandler                       0x08000c7b   Thumb Code     0  startup_stm32f407xx.o(.text)
    I2C3_ER_IRQHandler                       0x08000c7b   Thumb Code     0  startup_stm32f407xx.o(.text)
    I2C3_EV_IRQHandler                       0x08000c7b   Thumb Code     0  startup_stm32f407xx.o(.text)
    OTG_FS_IRQHandler                        0x08000c7b   Thumb Code     0  startup_stm32f407xx.o(.text)
    OTG_FS_WKUP_IRQHandler                   0x08000c7b   Thumb Code     0  startup_stm32f407xx.o(.text)
    OTG_HS_EP1_IN_IRQHandler                 0x08000c7b   Thumb Code     0  startup_stm32f407xx.o(.text)
    OTG_HS_EP1_OUT_IRQHandler                0x08000c7b   Thumb Code     0  startup_stm32f407xx.o(.text)
    OTG_HS_IRQHandler                        0x08000c7b   Thumb Code     0  startup_stm32f407xx.o(.text)
    OTG_HS_WKUP_IRQHandler                   0x08000c7b   Thumb Code     0  startup_stm32f407xx.o(.text)
    PVD_IRQHandler                           0x08000c7b   Thumb Code     0  startup_stm32f407xx.o(.text)
    RCC_IRQHandler                           0x08000c7b   Thumb Code     0  startup_stm32f407xx.o(.text)
    RTC_Alarm_IRQHandler                     0x08000c7b   Thumb Code     0  startup_stm32f407xx.o(.text)
    RTC_WKUP_IRQHandler                      0x08000c7b   Thumb Code     0  startup_stm32f407xx.o(.text)
    SDIO_IRQHandler                          0x08000c7b   Thumb Code     0  startup_stm32f407xx.o(.text)
    SPI1_IRQHandler                          0x08000c7b   Thumb Code     0  startup_stm32f407xx.o(.text)
    SPI2_IRQHandler                          0x08000c7b   Thumb Code     0  startup_stm32f407xx.o(.text)
    SPI3_IRQHandler                          0x08000c7b   Thumb Code     0  startup_stm32f407xx.o(.text)
    TAMP_STAMP_IRQHandler                    0x08000c7b   Thumb Code     0  startup_stm32f407xx.o(.text)
    TIM1_BRK_TIM9_IRQHandler                 0x08000c7b   Thumb Code     0  startup_stm32f407xx.o(.text)
    TIM1_CC_IRQHandler                       0x08000c7b   Thumb Code     0  startup_stm32f407xx.o(.text)
    TIM1_TRG_COM_TIM11_IRQHandler            0x08000c7b   Thumb Code     0  startup_stm32f407xx.o(.text)
    TIM1_UP_TIM10_IRQHandler                 0x08000c7b   Thumb Code     0  startup_stm32f407xx.o(.text)
    TIM2_IRQHandler                          0x08000c7b   Thumb Code     0  startup_stm32f407xx.o(.text)
    TIM3_IRQHandler                          0x08000c7b   Thumb Code     0  startup_stm32f407xx.o(.text)
    TIM4_IRQHandler                          0x08000c7b   Thumb Code     0  startup_stm32f407xx.o(.text)
    TIM5_IRQHandler                          0x08000c7b   Thumb Code     0  startup_stm32f407xx.o(.text)
    TIM6_DAC_IRQHandler                      0x08000c7b   Thumb Code     0  startup_stm32f407xx.o(.text)
    TIM7_IRQHandler                          0x08000c7b   Thumb Code     0  startup_stm32f407xx.o(.text)
    TIM8_BRK_TIM12_IRQHandler                0x08000c7b   Thumb Code     0  startup_stm32f407xx.o(.text)
    TIM8_CC_IRQHandler                       0x08000c7b   Thumb Code     0  startup_stm32f407xx.o(.text)
    TIM8_TRG_COM_TIM14_IRQHandler            0x08000c7b   Thumb Code     0  startup_stm32f407xx.o(.text)
    TIM8_UP_TIM13_IRQHandler                 0x08000c7b   Thumb Code     0  startup_stm32f407xx.o(.text)
    UART4_IRQHandler                         0x08000c7b   Thumb Code     0  startup_stm32f407xx.o(.text)
    UART5_IRQHandler                         0x08000c7b   Thumb Code     0  startup_stm32f407xx.o(.text)
    USART1_IRQHandler                        0x08000c7b   Thumb Code     0  startup_stm32f407xx.o(.text)
    USART2_IRQHandler                        0x08000c7b   Thumb Code     0  startup_stm32f407xx.o(.text)
    USART3_IRQHandler                        0x08000c7b   Thumb Code     0  startup_stm32f407xx.o(.text)
    USART6_IRQHandler                        0x08000c7b   Thumb Code     0  startup_stm32f407xx.o(.text)
    WWDG_IRQHandler                          0x08000c7b   Thumb Code     0  startup_stm32f407xx.o(.text)
    __user_initial_stackheap                 0x08000c7d   Thumb Code     0  startup_stm32f407xx.o(.text)
    SystemInit                               0x08000ca1   Thumb Code    82  system_stm32f4xx.o(.text)
    SystemCoreClockUpdate                    0x08000cf3   Thumb Code   174  system_stm32f4xx.o(.text)
    __2sprintf                               0x08000dc1   Thumb Code    34  noretval__2sprintf.o(.text)
    __printf                                 0x08000de9   Thumb Code   104  __printf.o(.text)
    __aeabi_memcpy4                          0x08000e51   Thumb Code     0  rt_memcpy_w.o(.text)
    __aeabi_memcpy8                          0x08000e51   Thumb Code     0  rt_memcpy_w.o(.text)
    __rt_memcpy_w                            0x08000e51   Thumb Code   100  rt_memcpy_w.o(.text)
    _memcpy_lastbytes_aligned                0x08000e99   Thumb Code     0  rt_memcpy_w.o(.text)
    __aeabi_memclr4                          0x08000eb5   Thumb Code     0  rt_memclr_w.o(.text)
    __aeabi_memclr8                          0x08000eb5   Thumb Code     0  rt_memclr_w.o(.text)
    __rt_memclr_w                            0x08000eb5   Thumb Code    78  rt_memclr_w.o(.text)
    _memset_w                                0x08000eb9   Thumb Code     0  rt_memclr_w.o(.text)
    __use_two_region_memory                  0x08000f03   Thumb Code     2  heapauxi.o(.text)
    __rt_heap_escrow$2region                 0x08000f05   Thumb Code     2  heapauxi.o(.text)
    __rt_heap_expand$2region                 0x08000f07   Thumb Code     2  heapauxi.o(.text)
    __lib_sel_fp_printf                      0x08000f09   Thumb Code     2  _printf_fp_dec.o(.text)
    _printf_fp_dec_real                      0x080010b7   Thumb Code   620  _printf_fp_dec.o(.text)
    _printf_char_common                      0x0800132f   Thumb Code    32  _printf_char_common.o(.text)
    _sputc                                   0x08001355   Thumb Code    10  _sputc.o(.text)
    __rt_locale                              0x08001361   Thumb Code     8  rt_locale_intlibspace.o(.text)
    _ll_udiv10                               0x08001369   Thumb Code   138  lludiv10.o(.text)
    _printf_fp_infnan                        0x080013f5   Thumb Code   112  _printf_fp_infnan.o(.text)
    _btod_etento                             0x08001475   Thumb Code   216  bigflt0.o(.text)
    __user_libspace                          0x08001551   Thumb Code     8  libspace.o(.text)
    __user_perproc_libspace                  0x08001551   Thumb Code     0  libspace.o(.text)
    __user_perthread_libspace                0x08001551   Thumb Code     0  libspace.o(.text)
    __user_setup_stackheap                   0x08001559   Thumb Code    74  sys_stackheap_outer.o(.text)
    exit                                     0x080015a3   Thumb Code    18  exit.o(.text)
    strcmp                                   0x080015b5   Thumb Code   128  strcmpv7m.o(.text)
    _sys_exit                                0x08001635   Thumb Code     8  sys_exit.o(.text)
    __I$use$semihosting                      0x08001641   Thumb Code     0  use_no_semi.o(.text)
    __use_no_semihosting_swi                 0x08001641   Thumb Code     2  use_no_semi.o(.text)
    __semihosting_library_function           0x08001643   Thumb Code     0  indicate_semi.o(.text)
    _btod_d2e                                0x08001643   Thumb Code    62  btod.o(CL$$btod_d2e)
    _d2e_denorm_low                          0x08001681   Thumb Code    70  btod.o(CL$$btod_d2e_denorm_low)
    _d2e_norm_op1                            0x080016c7   Thumb Code    96  btod.o(CL$$btod_d2e_norm_op1)
    __btod_div_common                        0x08001727   Thumb Code   696  btod.o(CL$$btod_div_common)
    _e2e                                     0x08001a5f   Thumb Code   198  btod.o(CL$$btod_e2e)
    _btod_ediv                               0x08001b25   Thumb Code    40  btod.o(CL$$btod_ediv)
    _btod_emul                               0x08001b4d   Thumb Code    40  btod.o(CL$$btod_emul)
    __btod_mult_common                       0x08001b75   Thumb Code   580  btod.o(CL$$btod_mult_common)
    __ARM_fpclassify                         0x08001db9   Thumb Code    48  fpclassify.o(i.__ARM_fpclassify)
    __hardfp_fabs                            0x08001de9   Thumb Code    20  fabs.o(i.__hardfp_fabs)
    _get_lc_numeric                          0x08001dfd   Thumb Code    44  lc_numeric_c.o(locale$$code)
    __aeabi_dadd                             0x08001e29   Thumb Code     0  daddsub_clz.o(x$fpl$dadd)
    _dadd                                    0x08001e29   Thumb Code   332  daddsub_clz.o(x$fpl$dadd)
    __fpl_dcmp_Inf                           0x08001f79   Thumb Code    24  dcmpi.o(x$fpl$dcmpinf)
    __aeabi_cdcmpeq                          0x08001f91   Thumb Code     0  deqf.o(x$fpl$deqf)
    _dcmpeq                                  0x08001f91   Thumb Code   120  deqf.o(x$fpl$deqf)
    __aeabi_d2uiz                            0x08002009   Thumb Code     0  dfixu.o(x$fpl$dfixu)
    _dfixu                                   0x08002009   Thumb Code    90  dfixu.o(x$fpl$dfixu)
    __aeabi_ui2d                             0x08002063   Thumb Code     0  dflt_clz.o(x$fpl$dfltu)
    _dfltu                                   0x08002063   Thumb Code    38  dflt_clz.o(x$fpl$dfltu)
    __aeabi_cdcmple                          0x08002089   Thumb Code     0  dleqf.o(x$fpl$dleqf)
    _dcmple                                  0x08002089   Thumb Code   120  dleqf.o(x$fpl$dleqf)
    __fpl_dcmple_InfNaN                      0x080020eb   Thumb Code     0  dleqf.o(x$fpl$dleqf)
    __aeabi_dmul                             0x08002101   Thumb Code     0  dmul.o(x$fpl$dmul)
    _dmul                                    0x08002101   Thumb Code   332  dmul.o(x$fpl$dmul)
    __fpl_dnaninf                            0x08002255   Thumb Code   156  dnaninf.o(x$fpl$dnaninf)
    __fpl_dretinf                            0x080022f1   Thumb Code    12  dretinf.o(x$fpl$dretinf)
    __aeabi_dsub                             0x080022fd   Thumb Code     0  daddsub_clz.o(x$fpl$dsub)
    _dsub                                    0x080022fd   Thumb Code   464  daddsub_clz.o(x$fpl$dsub)
    _fp_init                                 0x080024d1   Thumb Code    10  fpinit.o(x$fpl$fpinit)
    __fplib_config_fpu_vfp                   0x080024d9   Thumb Code     0  fpinit.o(x$fpl$fpinit)
    __fplib_config_pureend_doubles           0x080024d9   Thumb Code     0  fpinit.o(x$fpl$fpinit)
    _printf_fp_dec                           0x080024db   Thumb Code     4  printf1.o(x$fpl$printf1)
    __I$use$fp                               0x080024de   Number         0  usenofp.o(x$fpl$usenofp)
    led_mask                                 0x080024e0   Data          32  led.o(.constdata)
    SWT_mask                                 0x08002500   Data          32  swt.o(.constdata)
    lcd_mask                                 0x08002520   Data          32  lcd.o(.constdata)
    lcd_RS                                   0x08002540   Data           4  lcd.o(.constdata)
    lcd_RdnWr                                0x08002544   Data           4  lcd.o(.constdata)
    lcd_E                                    0x08002548   Data           4  lcd.o(.constdata)
    AHBPrescTable                            0x080025b0   Data          16  system_stm32f4xx.o(.constdata)
    APBPrescTable                            0x080025c0   Data           8  system_stm32f4xx.o(.constdata)
    Region$$Table$$Base                      0x0800267c   Number         0  anon$$obj.o(Region$$Table)
    Region$$Table$$Limit                     0x0800269c   Number         0  anon$$obj.o(Region$$Table)
    msTicks                                  0x20000000   Data           4  display.o(.data)
    SystemCoreClock                          0x20000004   Data           4  system_stm32f4xx.o(.data)
    __libspace_start                         0x20000008   Data          96  libspace.o(.bss)
    __temporary_stack_top$libspace           0x20000068   Data           0  libspace.o(.bss)



==============================================================================

Memory Map of the image

  Image Entry point : 0x08000189

  Load Region LR_IROM1 (Base: 0x08000000, Size: 0x000026c0, Max: 0x00100000, ABSOLUTE)

    Execution Region ER_IROM1 (Base: 0x08000000, Size: 0x000026b8, Max: 0x00100000, ABSOLUTE)

    Base Addr    Size         Type   Attr      Idx    E Section Name        Object

    0x08000000   0x00000188   Data   RO          196    RESET               startup_stm32f407xx.o
    0x08000188   0x00000008   Code   RO          271  * !!!main             c_w.l(__main.o)
    0x08000190   0x00000034   Code   RO          517    !!!scatter          c_w.l(__scatter.o)
    0x080001c4   0x0000001a   Code   RO          519    !!handler_copy      c_w.l(__scatter_copy.o)
    0x080001de   0x00000002   PAD
    0x080001e0   0x0000001c   Code   RO          521    !!handler_zi        c_w.l(__scatter_zi.o)
    0x080001fc   0x00000000   Code   RO          264    .ARM.Collect$$_printf_percent$$00000000  c_w.l(_printf_percent.o)
    0x080001fc   0x00000006   Code   RO          263    .ARM.Collect$$_printf_percent$$00000003  c_w.l(_printf_f.o)
    0x08000202   0x00000004   Code   RO          310    .ARM.Collect$$_printf_percent$$00000017  c_w.l(_printf_percent_end.o)
    0x08000206   0x00000002   Code   RO          390    .ARM.Collect$$libinit$$00000000  c_w.l(libinit.o)
    0x08000208   0x00000004   Code   RO          391    .ARM.Collect$$libinit$$00000001  c_w.l(libinit2.o)
    0x0800020c   0x00000000   Code   RO          394    .ARM.Collect$$libinit$$00000004  c_w.l(libinit2.o)
    0x0800020c   0x00000000   Code   RO          397    .ARM.Collect$$libinit$$0000000A  c_w.l(libinit2.o)
    0x0800020c   0x00000000   Code   RO          399    .ARM.Collect$$libinit$$0000000C  c_w.l(libinit2.o)
    0x0800020c   0x00000000   Code   RO          401    .ARM.Collect$$libinit$$0000000E  c_w.l(libinit2.o)
    0x0800020c   0x00000006   Code   RO          402    .ARM.Collect$$libinit$$0000000F  c_w.l(libinit2.o)
    0x08000212   0x00000000   Code   RO          404    .ARM.Collect$$libinit$$00000011  c_w.l(libinit2.o)
    0x08000212   0x00000000   Code   RO          406    .ARM.Collect$$libinit$$00000013  c_w.l(libinit2.o)
    0x08000212   0x00000000   Code   RO          408    .ARM.Collect$$libinit$$00000015  c_w.l(libinit2.o)
    0x08000212   0x0000000a   Code   RO          409    .ARM.Collect$$libinit$$00000016  c_w.l(libinit2.o)
    0x0800021c   0x00000000   Code   RO          410    .ARM.Collect$$libinit$$00000017  c_w.l(libinit2.o)
    0x0800021c   0x00000000   Code   RO          412    .ARM.Collect$$libinit$$00000019  c_w.l(libinit2.o)
    0x0800021c   0x00000000   Code   RO          414    .ARM.Collect$$libinit$$0000001B  c_w.l(libinit2.o)
    0x0800021c   0x00000000   Code   RO          416    .ARM.Collect$$libinit$$0000001D  c_w.l(libinit2.o)
    0x0800021c   0x00000000   Code   RO          418    .ARM.Collect$$libinit$$0000001F  c_w.l(libinit2.o)
    0x0800021c   0x00000000   Code   RO          420    .ARM.Collect$$libinit$$00000021  c_w.l(libinit2.o)
    0x0800021c   0x00000000   Code   RO          422    .ARM.Collect$$libinit$$00000023  c_w.l(libinit2.o)
    0x0800021c   0x00000000   Code   RO          424    .ARM.Collect$$libinit$$00000025  c_w.l(libinit2.o)
    0x0800021c   0x00000000   Code   RO          428    .ARM.Collect$$libinit$$0000002C  c_w.l(libinit2.o)
    0x0800021c   0x00000000   Code   RO          430    .ARM.Collect$$libinit$$0000002E  c_w.l(libinit2.o)
    0x0800021c   0x00000000   Code   RO          432    .ARM.Collect$$libinit$$00000030  c_w.l(libinit2.o)
    0x0800021c   0x00000000   Code   RO          434    .ARM.Collect$$libinit$$00000032  c_w.l(libinit2.o)
    0x0800021c   0x00000002   Code   RO          435    .ARM.Collect$$libinit$$00000033  c_w.l(libinit2.o)
    0x0800021e   0x00000002   Code   RO          465    .ARM.Collect$$libshutdown$$00000000  c_w.l(libshutdown.o)
    0x08000220   0x00000000   Code   RO          476    .ARM.Collect$$libshutdown$$00000002  c_w.l(libshutdown2.o)
    0x08000220   0x00000000   Code   RO          478    .ARM.Collect$$libshutdown$$00000004  c_w.l(libshutdown2.o)
    0x08000220   0x00000000   Code   RO          481    .ARM.Collect$$libshutdown$$00000007  c_w.l(libshutdown2.o)
    0x08000220   0x00000000   Code   RO          484    .ARM.Collect$$libshutdown$$0000000A  c_w.l(libshutdown2.o)
    0x08000220   0x00000000   Code   RO          486    .ARM.Collect$$libshutdown$$0000000C  c_w.l(libshutdown2.o)
    0x08000220   0x00000000   Code   RO          489    .ARM.Collect$$libshutdown$$0000000F  c_w.l(libshutdown2.o)
    0x08000220   0x00000002   Code   RO          490    .ARM.Collect$$libshutdown$$00000010  c_w.l(libshutdown2.o)
    0x08000222   0x00000000   Code   RO          303    .ARM.Collect$$rtentry$$00000000  c_w.l(__rtentry.o)
    0x08000222   0x00000000   Code   RO          319    .ARM.Collect$$rtentry$$00000002  c_w.l(__rtentry2.o)
    0x08000222   0x00000006   Code   RO          331    .ARM.Collect$$rtentry$$00000004  c_w.l(__rtentry4.o)
    0x08000228   0x00000000   Code   RO          321    .ARM.Collect$$rtentry$$00000009  c_w.l(__rtentry2.o)
    0x08000228   0x00000004   Code   RO          322    .ARM.Collect$$rtentry$$0000000A  c_w.l(__rtentry2.o)
    0x0800022c   0x00000000   Code   RO          324    .ARM.Collect$$rtentry$$0000000C  c_w.l(__rtentry2.o)
    0x0800022c   0x00000008   Code   RO          325    .ARM.Collect$$rtentry$$0000000D  c_w.l(__rtentry2.o)
    0x08000234   0x00000002   Code   RO          436    .ARM.Collect$$rtexit$$00000000  c_w.l(rtexit.o)
    0x08000236   0x00000000   Code   RO          443    .ARM.Collect$$rtexit$$00000002  c_w.l(rtexit2.o)
    0x08000236   0x00000004   Code   RO          444    .ARM.Collect$$rtexit$$00000003  c_w.l(rtexit2.o)
    0x0800023a   0x00000006   Code   RO          445    .ARM.Collect$$rtexit$$00000004  c_w.l(rtexit2.o)
    0x08000240   0x000000c0   Code   RO            4    .text               led.o
    0x08000300   0x00000064   Code   RO           60    .text               swt.o
    0x08000364   0x000002e8   Code   RO           90    .text               lcd.o
    0x0800064c   0x00000554   Code   RO          120    .text               display.o
    0x08000ba0   0x000000c0   Code   RO          167    .text               uart.o
    0x08000c60   0x00000040   Code   RO          197    .text               startup_stm32f407xx.o
    0x08000ca0   0x00000120   Code   RO          204    .text               system_stm32f4xx.o
    0x08000dc0   0x00000028   Code   RO          239    .text               c_w.l(noretval__2sprintf.o)
    0x08000de8   0x00000068   Code   RO          241    .text               c_w.l(__printf.o)
    0x08000e50   0x00000064   Code   RO          265    .text               c_w.l(rt_memcpy_w.o)
    0x08000eb4   0x0000004e   Code   RO          267    .text               c_w.l(rt_memclr_w.o)
    0x08000f02   0x00000006   Code   RO          269    .text               c_w.l(heapauxi.o)
    0x08000f08   0x0000041a   Code   RO          304    .text               c_w.l(_printf_fp_dec.o)
    0x08001322   0x00000002   PAD
    0x08001324   0x00000030   Code   RO          306    .text               c_w.l(_printf_char_common.o)
    0x08001354   0x0000000a   Code   RO          308    .text               c_w.l(_sputc.o)
    0x0800135e   0x00000002   PAD
    0x08001360   0x00000008   Code   RO          336    .text               c_w.l(rt_locale_intlibspace.o)
    0x08001368   0x0000008a   Code   RO          338    .text               c_w.l(lludiv10.o)
    0x080013f2   0x00000002   PAD
    0x080013f4   0x00000080   Code   RO          340    .text               c_w.l(_printf_fp_infnan.o)
    0x08001474   0x000000dc   Code   RO          344    .text               c_w.l(bigflt0.o)
    0x08001550   0x00000008   Code   RO          376    .text               c_w.l(libspace.o)
    0x08001558   0x0000004a   Code   RO          379    .text               c_w.l(sys_stackheap_outer.o)
    0x080015a2   0x00000012   Code   RO          381    .text               c_w.l(exit.o)
    0x080015b4   0x00000080   Code   RO          383    .text               c_w.l(strcmpv7m.o)
    0x08001634   0x0000000c   Code   RO          455    .text               c_w.l(sys_exit.o)
    0x08001640   0x00000002   Code   RO          466    .text               c_w.l(use_no_semi.o)
    0x08001642   0x00000000   Code   RO          468    .text               c_w.l(indicate_semi.o)
    0x08001642   0x0000003e   Code   RO          347    CL$$btod_d2e        c_w.l(btod.o)
    0x08001680   0x00000046   Code   RO          349    CL$$btod_d2e_denorm_low  c_w.l(btod.o)
    0x080016c6   0x00000060   Code   RO          348    CL$$btod_d2e_norm_op1  c_w.l(btod.o)
    0x08001726   0x00000338   Code   RO          357    CL$$btod_div_common  c_w.l(btod.o)
    0x08001a5e   0x000000c6   Code   RO          354    CL$$btod_e2e        c_w.l(btod.o)
    0x08001b24   0x00000028   Code   RO          351    CL$$btod_ediv       c_w.l(btod.o)
    0x08001b4c   0x00000028   Code   RO          350    CL$$btod_emul       c_w.l(btod.o)
    0x08001b74   0x00000244   Code   RO          356    CL$$btod_mult_common  c_w.l(btod.o)
    0x08001db8   0x00000030   Code   RO          374    i.__ARM_fpclassify  m_wm.l(fpclassify.o)
    0x08001de8   0x00000014   Code   RO          297    i.__hardfp_fabs     m_wm.l(fabs.o)
    0x08001dfc   0x0000002c   Code   RO          370    locale$$code        c_w.l(lc_numeric_c.o)
    0x08001e28   0x00000150   Code   RO          273    x$fpl$dadd          fz_wm.l(daddsub_clz.o)
    0x08001f78   0x00000018   Code   RO          311    x$fpl$dcmpinf       fz_wm.l(dcmpi.o)
    0x08001f90   0x00000078   Code   RO          279    x$fpl$deqf          fz_wm.l(deqf.o)
    0x08002008   0x0000005a   Code   RO          281    x$fpl$dfixu         fz_wm.l(dfixu.o)
    0x08002062   0x00000026   Code   RO          285    x$fpl$dfltu         fz_wm.l(dflt_clz.o)
    0x08002088   0x00000078   Code   RO          291    x$fpl$dleqf         fz_wm.l(dleqf.o)
    0x08002100   0x00000154   Code   RO          293    x$fpl$dmul          fz_wm.l(dmul.o)
    0x08002254   0x0000009c   Code   RO          313    x$fpl$dnaninf       fz_wm.l(dnaninf.o)
    0x080022f0   0x0000000c   Code   RO          315    x$fpl$dretinf       fz_wm.l(dretinf.o)
    0x080022fc   0x000001d4   Code   RO          275    x$fpl$dsub          fz_wm.l(daddsub_clz.o)
    0x080024d0   0x0000000a   Code   RO          440    x$fpl$fpinit        fz_wm.l(fpinit.o)
    0x080024da   0x00000004   Code   RO          295    x$fpl$printf1       fz_wm.l(printf1.o)
    0x080024de   0x00000000   Code   RO          317    x$fpl$usenofp       fz_wm.l(usenofp.o)
    0x080024de   0x00000002   PAD
    0x080024e0   0x00000020   Data   RO            5    .constdata          led.o
    0x08002500   0x00000020   Data   RO           61    .constdata          swt.o
    0x08002520   0x0000002c   Data   RO           91    .constdata          lcd.o
    0x0800254c   0x00000004   PAD
    0x08002550   0x00000060   Data   RO          121    .constdata          display.o
    0x080025b0   0x00000018   Data   RO          205    .constdata          system_stm32f4xx.o
    0x080025c8   0x00000094   Data   RO          345    .constdata          c_w.l(bigflt0.o)
    0x0800265c   0x0000001e   Data   RO          122    .conststring        display.o
    0x0800267a   0x00000002   PAD
    0x0800267c   0x00000020   Data   RO          515    Region$$Table       anon$$obj.o
    0x0800269c   0x0000001c   Data   RO          369    locale$$data        c_w.l(lc_numeric_c.o)


    Execution Region RW_IRAM1 (Base: 0x20000000, Size: 0x00000668, Max: 0x00020000, ABSOLUTE)

    Base Addr    Size         Type   Attr      Idx    E Section Name        Object

    0x20000000   0x00000004   Data   RW          123    .data               display.o
    0x20000004   0x00000004   Data   RW          206    .data               system_stm32f4xx.o
    0x20000008   0x00000060   Zero   RW          377    .bss                c_w.l(libspace.o)
    0x20000068   0x00000200   Zero   RW          195    HEAP                startup_stm32f407xx.o
    0x20000268   0x00000400   Zero   RW          194    STACK               startup_stm32f407xx.o


==============================================================================

Image component sizes


      Code (inc. data)   RO Data    RW Data    ZI Data      Debug   Object Name

      1364        148        126          4          0      34292   display.o
       744         22         44          0          0       4025   lcd.o
       192         20         32          0          0     557297   led.o
        64         26        392          0       1536        876   startup_stm32f407xx.o
       100         18         32          0          0       1476   swt.o
       288         32         24          4          0       1757   system_stm32f4xx.o
       192         14          0          0          0       1695   uart.o

    ----------------------------------------------------------------------
      2944        280        688          8       1536     601418   Object Totals
         0          0         32          0          0          0   (incl. Generated)
         0          0          6          0          0          0   (incl. Padding)

    ----------------------------------------------------------------------

      Code (inc. data)   RO Data    RW Data    ZI Data      Debug   Library Member Name

         8          0          0          0          0         68   __main.o
       104          0          0          0          0         84   __printf.o
         0          0          0          0          0          0   __rtentry.o
        12          0          0          0          0          0   __rtentry2.o
         6          0          0          0          0          0   __rtentry4.o
        52          8          0          0          0          0   __scatter.o
        26          0          0          0          0          0   __scatter_copy.o
        28          0          0          0          0          0   __scatter_zi.o
        48          6          0          0          0         96   _printf_char_common.o
         6          0          0          0          0          0   _printf_f.o
      1050          0          0          0          0        216   _printf_fp_dec.o
       128         16          0          0          0         84   _printf_fp_infnan.o
         0          0          0          0          0          0   _printf_percent.o
         4          0          0          0          0          0   _printf_percent_end.o
        10          0          0          0          0         68   _sputc.o
       220          4        148          0          0         96   bigflt0.o
      1910        128          0          0          0        672   btod.o
        18          0          0          0          0         80   exit.o
         6          0          0          0          0        152   heapauxi.o
         0          0          0          0          0          0   indicate_semi.o
        44         10         28          0          0         76   lc_numeric_c.o
         2          0          0          0          0          0   libinit.o
        22          0          0          0          0          0   libinit2.o
         2          0          0          0          0          0   libshutdown.o
         2          0          0          0          0          0   libshutdown2.o
         8          4          0          0         96         68   libspace.o
       138          0          0          0          0         80   lludiv10.o
        40          6          0          0          0         84   noretval__2sprintf.o
         8          4          0          0          0         68   rt_locale_intlibspace.o
        78          0          0          0          0         80   rt_memclr_w.o
       100          0          0          0          0         80   rt_memcpy_w.o
         2          0          0          0          0          0   rtexit.o
        10          0          0          0          0          0   rtexit2.o
       128          0          0          0          0         68   strcmpv7m.o
        12          4          0          0          0         68   sys_exit.o
        74          0          0          0          0         80   sys_stackheap_outer.o
         2          0          0          0          0         68   use_no_semi.o
       804         16          0          0          0        368   daddsub_clz.o
        24          0          0          0          0        116   dcmpi.o
       120          4          0          0          0        140   deqf.o
        90          4          0          0          0        140   dfixu.o
        38          0          0          0          0        116   dflt_clz.o
       120          4          0          0          0        140   dleqf.o
       340         12          0          0          0        152   dmul.o
       156          4          0          0          0        140   dnaninf.o
        12          0          0          0          0        116   dretinf.o
        10          0          0          0          0        116   fpinit.o
         4          0          0          0          0        116   printf1.o
         0          0          0          0          0          0   usenofp.o
        20          0          0          0          0        124   fabs.o
        48          0          0          0          0        124   fpclassify.o

    ----------------------------------------------------------------------
      6104        234        176          0         96       4344   Library Totals
        10          0          0          0          0          0   (incl. Padding)

    ----------------------------------------------------------------------

      Code (inc. data)   RO Data    RW Data    ZI Data      Debug   Library Name

      4308        190        176          0         96       2436   c_w.l
      1718         44          0          0          0       1660   fz_wm.l
        68          0          0          0          0        248   m_wm.l

    ----------------------------------------------------------------------
      6104        234        176          0         96       4344   Library Totals

    ----------------------------------------------------------------------

==============================================================================


      Code (inc. data)   RO Data    RW Data    ZI Data      Debug   

      9048        514        864          8       1632     602062   Grand Totals
      9048        514        864          8       1632     602062   ELF Image Totals
      9048        514        864          8          0          0   ROM Totals

==============================================================================

    Total RO  Size (Code + RO Data)                 9912 (   9.68kB)
    Total RW  Size (RW Data + ZI Data)              1640 (   1.60kB)
    Total ROM Size (Code + RO Data + RW Data)       9920 (   9.69kB)

==============================================================================

